Component: ARM Compiler 5.06 update 7 (build 960) Tool: armlink [4d3601]

==============================================================================

Section Cross References

    main.o(i.init_i2c) refers to clock_config.o(i.BOARD_BootClockRUN) for BOARD_BootClockRUN
    main.o(i.init_i2c) refers to board.o(i.BOARD_InitDebugConsole) for BOARD_InitDebugConsole
    main.o(i.init_i2c) refers to pin_mux.o(i.BOARD_I2C_ConfigurePins) for BOARD_I2C_ConfigurePins
    main.o(i.init_i2c) refers to fsl_i2c.o(i.I2C_MasterGetDefaultConfig) for I2C_MasterGetDefaultConfig
    main.o(i.init_i2c) refers to fsl_clock.o(i.CLOCK_GetFreq) for CLOCK_GetFreq
    main.o(i.init_i2c) refers to fsl_i2c.o(i.I2C_MasterInit) for I2C_MasterInit
    main.o(i.main) refers to main.o(i.init_i2c) for init_i2c
    main.o(i.main) refers to main.o(i.send_i2c) for send_i2c
    main.o(i.main) refers to fsl_debug_console.o(i.DbgConsole_Printf) for DbgConsole_Printf
    main.o(i.main) refers to main.o(i.read_i2c) for read_i2c
    main.o(i.main) refers to dflti.o(.text) for __aeabi_ui2d
    main.o(i.main) refers to atan2.o(i.atan2) for atan2
    main.o(i.main) refers to dmul.o(.text) for __aeabi_dmul
    main.o(i.main) refers to dfixui.o(.text) for __aeabi_d2uiz
    main.o(i.main) refers to lcd.o(i.LCD_DisplayDemical) for LCD_DisplayDemical
    main.o(i.main) refers to lcd.o(i.delay) for delay
    main.o(i.read_i2c) refers to fsl_i2c.o(i.I2C_MasterTransferBlocking) for I2C_MasterTransferBlocking
    main.o(i.send_i2c) refers to fsl_i2c.o(i.I2C_MasterTransferBlocking) for I2C_MasterTransferBlocking
    lcd.o(i.LCD_DisplayAll) refers to lcd.o(i.SLCD_SetBackPlanePhase) for SLCD_SetBackPlanePhase
    lcd.o(i.LCD_DisplayAll) refers to lcd.o(i.SLCD_SetFrontPlaneSegments) for SLCD_SetFrontPlaneSegments
    lcd.o(i.LCD_DisplayAll) refers to lcd.o(i.SLCD_StartDisplay) for SLCD_StartDisplay
    lcd.o(i.LCD_DisplayDemical) refers to lcd.o(i.LCD_DisplayError) for LCD_DisplayError
    lcd.o(i.LCD_DisplayDemical) refers to lcd.o(i.SLCD_SetBackPlanePhase) for SLCD_SetBackPlanePhase
    lcd.o(i.LCD_DisplayDemical) refers to aeabi_sdiv.o(.text) for __aeabi_idivmod
    lcd.o(i.LCD_DisplayDemical) refers to lcd.o(i.LCD_SetNum) for LCD_SetNum
    lcd.o(i.LCD_DisplayDemical) refers to lcd.o(i.SLCD_StartDisplay) for SLCD_StartDisplay
    lcd.o(i.LCD_DisplayError) refers to lcd.o(i.SLCD_SetBackPlanePhase) for SLCD_SetBackPlanePhase
    lcd.o(i.LCD_DisplayError) refers to lcd.o(i.SLCD_SetFrontPlaneSegments) for SLCD_SetFrontPlaneSegments
    lcd.o(i.LCD_DisplayError) refers to lcd.o(i.SLCD_StartDisplay) for SLCD_StartDisplay
    lcd.o(i.LCD_DisplayTime) refers to lcd.o(i.LCD_DisplayError) for LCD_DisplayError
    lcd.o(i.LCD_DisplayTime) refers to lcd.o(i.SLCD_SetBackPlanePhase) for SLCD_SetBackPlanePhase
    lcd.o(i.LCD_DisplayTime) refers to aeabi_sdiv.o(.text) for __aeabi_idivmod
    lcd.o(i.LCD_DisplayTime) refers to lcd.o(i.LCD_SetNum) for LCD_SetNum
    lcd.o(i.LCD_DisplayTime) refers to lcd.o(i.SLCD_StartDisplay) for SLCD_StartDisplay
    lcd.o(i.LCD_Init) refers to pin_mux.o(i.BOARD_InitPins) for BOARD_InitPins
    lcd.o(i.LCD_Init) refers to clock_config.o(i.BOARD_BootClockRUN) for BOARD_BootClockRUN
    lcd.o(i.LCD_Init) refers to fsl_slcd.o(i.SLCD_GetDefaultConfig) for SLCD_GetDefaultConfig
    lcd.o(i.LCD_Init) refers to fsl_slcd.o(i.SLCD_Init) for SLCD_Init
    lcd.o(i.LCD_Init) refers to lcd.o(.constdata) for .constdata
    lcd.o(i.LCD_SetNum) refers to lcd.o(i.__ARM_common_switch8) for __ARM_common_switch8
    lcd.o(i.LCD_SetNum) refers to lcd.o(i.SLCD_SetFrontPlaneSegments) for SLCD_SetFrontPlaneSegments
    lcd.o(i.LCD_StartBlinkMode) refers to fsl_slcd.o(i.SLCD_StartBlinkMode) for SLCD_StartBlinkMode
    lcd.o(i.LCD_StartDisplay) refers to lcd.o(i.SLCD_StartDisplay) for SLCD_StartDisplay
    board.o(i.BOARD_InitDebugConsole) refers to fsl_clock.o(i.CLOCK_GetPllFllSelClkFreq) for CLOCK_GetPllFllSelClkFreq
    board.o(i.BOARD_InitDebugConsole) refers to fsl_debug_console.o(i.DbgConsole_Init) for DbgConsole_Init
    clock_config.o(i.BOARD_BootClockRUN) refers to fsl_clock.o(i.CLOCK_InitOsc0) for CLOCK_InitOsc0
    clock_config.o(i.BOARD_BootClockRUN) refers to clock_config.o(i.CLOCK_CONFIG_SetFllExtRefDiv) for CLOCK_CONFIG_SetFllExtRefDiv
    clock_config.o(i.BOARD_BootClockRUN) refers to fsl_clock.o(i.CLOCK_BootToPeeMode) for CLOCK_BootToPeeMode
    clock_config.o(i.BOARD_BootClockRUN) refers to fsl_clock.o(i.CLOCK_SetInternalRefClkConfig) for CLOCK_SetInternalRefClkConfig
    clock_config.o(i.BOARD_BootClockRUN) refers to fsl_clock.o(i.CLOCK_SetSimConfig) for CLOCK_SetSimConfig
    clock_config.o(i.BOARD_BootClockRUN) refers to clock_config.o(.constdata) for oscConfig_BOARD_BootClockRUN
    clock_config.o(i.BOARD_BootClockRUN) refers to fsl_clock.o(.data) for g_xtal0Freq
    clock_config.o(i.BOARD_BootClockRUN) refers to system_mkl46z4.o(.data) for SystemCoreClock
[...]
    ../clib/heapalloc.c                      0x00000000   Number         0  maybetermalloc2.o ABSOLUTE
    ../clib/heapalloc.c                      0x00000000   Number         0  maybetermalloc1.o ABSOLUTE
    ../clib/heapalloc.c                      0x00000000   Number         0  heapstubs.o ABSOLUTE
    ../clib/heapalloc.c                      0x00000000   Number         0  hguard.o ABSOLUTE
    ../clib/heapaux.c                        0x00000000   Number         0  heapauxi.o ABSOLUTE
    ../clib/heapaux.c                        0x00000000   Number         0  heapauxa.o ABSOLUTE
    ../clib/libinit.s                        0x00000000   Number         0  libinit2.o ABSOLUTE
    ../clib/libinit.s                        0x00000000   Number         0  libshutdown.o ABSOLUTE
    ../clib/libinit.s                        0x00000000   Number         0  libinit5.o ABSOLUTE
    ../clib/libinit.s                        0x00000000   Number         0  libinit.o ABSOLUTE
    ../clib/libinit.s                        0x00000000   Number         0  libshutdown2.o ABSOLUTE
    ../clib/memcpset.c                       0x00000000   Number         0  rt_memcpy.o ABSOLUTE
    ../clib/memcpset.c                       0x00000000   Number         0  rt_memclr.o ABSOLUTE
    ../clib/memcpset.c                       0x00000000   Number         0  rt_memcpy.o ABSOLUTE
    ../clib/signal.c                         0x00000000   Number         0  defsig_fpe_formal.o ABSOLUTE
    ../clib/signal.c                         0x00000000   Number         0  __raise.o ABSOLUTE
    ../clib/signal.c                         0x00000000   Number         0  defsig_rtmem_inner.o ABSOLUTE
    ../clib/signal.c                         0x00000000   Number         0  defsig_pvfn_inner.o ABSOLUTE
    ../clib/signal.c                         0x00000000   Number         0  defsig_stak_inner.o ABSOLUTE
    ../clib/signal.c                         0x00000000   Number         0  defsig_other.o ABSOLUTE
    ../clib/signal.c                         0x00000000   Number         0  defsig_fpe_inner.o ABSOLUTE
    ../clib/signal.c                         0x00000000   Number         0  defsig_cppl_inner.o ABSOLUTE
    ../clib/signal.c                         0x00000000   Number         0  defsig_general.o ABSOLUTE
    ../clib/signal.c                         0x00000000   Number         0  defsig_rtmem_formal.o ABSOLUTE
    ../clib/signal.c                         0x00000000   Number         0  defsig_rtmem_outer.o ABSOLUTE
    ../clib/signal.c                         0x00000000   Number         0  defsig_segv_inner.o ABSOLUTE
    ../clib/signal.c                         0x00000000   Number         0  defsig_exit.o ABSOLUTE
    ../clib/signal.c                         0x00000000   Number         0  defsig_fpe_outer.o ABSOLUTE
    ../clib/signal.c                         0x00000000   Number         0  defsig_abrt_inner.o ABSOLUTE
    ../clib/signal.c                         0x00000000   Number         0  defsig_rtred_inner.o ABSOLUTE
    ../clib/signal.s                         0x00000000   Number         0  defsig.o ABSOLUTE
    ../clib/stdlib.c                         0x00000000   Number         0  exit.o ABSOLUTE
    ../clib/string.c                         0x00000000   Number         0  strlen.o ABSOLUTE
    ../fplib/cfplib/cmpret.c                 0x00000000   Number         0  cmpret.o ABSOLUTE
    ../fplib/cfplib/daddsub.c                0x00000000   Number         0  daddsub.o ABSOLUTE
    ../fplib/cfplib/dcmpin.c                 0x00000000   Number         0  dcmpin.o ABSOLUTE
    ../fplib/cfplib/ddiv.c                   0x00000000   Number         0  ddiv.o ABSOLUTE
    ../fplib/cfplib/dmul.c                   0x00000000   Number         0  dmul.o ABSOLUTE
    ../fplib/cfplib/ffix.c                   0x00000000   Number         0  dfixui.o ABSOLUTE
    ../fplib/cfplib/fflt.c                   0x00000000   Number         0  dflti.o ABSOLUTE
    ../fplib/cfplib/fpinit.c                 0x00000000   Number         0  fpinit.o ABSOLUTE
    ../fplib/cfplib/nan2.c                   0x00000000   Number         0  dnan2.o ABSOLUTE
    ../fplib/cfplib/retnan.c                 0x00000000   Number         0  retnan.o ABSOLUTE
    ../fplib/cfplib/scalbn.c                 0x00000000   Number         0  dscalbn.o ABSOLUTE
    ../fplib/deqf6m.s                        0x00000000   Number         0  deqf.o ABSOLUTE
    ../fplib/usenofp.s                       0x00000000   Number         0  usenofp.o ABSOLUTE
    ../mathlib/atan.c                        0x00000000   Number         0  atan_x.o ABSOLUTE
    ../mathlib/atan.c                        0x00000000   Number         0  atan.o ABSOLUTE
    ../mathlib/atan2.c                       0x00000000   Number         0  atan2_x.o ABSOLUTE
    ../mathlib/atan2.c                       0x00000000   Number         0  atan2.o ABSOLUTE
    ../mathlib/dunder.c                      0x00000000   Number         0  dunder.o ABSOLUTE
    ../mathlib/fpclassify.c                  0x00000000   Number         0  fpclassify.o ABSOLUTE
    ../mathlib/poly.c                        0x00000000   Number         0  poly.o ABSOLUTE
    ../mathlib/qnan.c                        0x00000000   Number         0  qnan.o ABSOLUTE
    C:/Users/Quan/AppData/Local/Arm/Packs/NXP/MKL46Z4_DFP/10.0.3/drivers/fsl_clock.c 0x00000000   Number         0  fsl_clock.o ABSOLUTE
    C:/Users/Quan/AppData/Local/Arm/Packs/NXP/MKL46Z4_DFP/10.0.3/drivers/fsl_common.c 0x00000000   Number         0  fsl_common.o ABSOLUTE
    C:/Users/Quan/AppData/Local/Arm/Packs/NXP/MKL46Z4_DFP/10.0.3/drivers/fsl_ftfx_cache.c 0x00000000   Number         0  fsl_ftfx_cache.o ABSOLUTE
    C:/Users/Quan/AppData/Local/Arm/Packs/NXP/MKL46Z4_DFP/10.0.3/drivers/fsl_ftfx_controller.c 0x00000000   Number         0  fsl_ftfx_controller.o ABSOLUTE
    C:/Users/Quan/AppData/Local/Arm/Packs/NXP/MKL46Z4_DFP/10.0.3/drivers/fsl_ftfx_flash.c 0x00000000   Number         0  fsl_ftfx_flash.o ABSOLUTE
    C:/Users/Quan/AppData/Local/Arm/Packs/NXP/MKL46Z4_DFP/10.0.3/drivers/fsl_ftfx_flexnvm.c 0x00000000   Number         0  fsl_ftfx_flexnvm.o ABSOLUTE
    C:/Users/Quan/AppData/Local/Arm/Packs/NXP/MKL46Z4_DFP/10.0.3/drivers/fsl_gpio.c 0x00000000   Number         0  fsl_gpio.o ABSOLUTE
    C:/Users/Quan/AppData/Local/Arm/Packs/NXP/MKL46Z4_DFP/10.0.3/drivers/fsl_i2c.c 0x00000000   Number         0  fsl_i2c.o ABSOLUTE
    C:/Users/Quan/AppData/Local/Arm/Packs/NXP/MKL46Z4_DFP/10.0.3/drivers/fsl_lpsci.c 0x00000000   Number         0  fsl_lpsci.o ABSOLUTE
    C:/Users/Quan/AppData/Local/Arm/Packs/NXP/MKL46Z4_DFP/10.0.3/drivers/fsl_slcd.c 0x00000000   Number         0  fsl_slcd.o ABSOLUTE
    C:/Users/Quan/AppData/Local/Arm/Packs/NXP/MKL46Z4_DFP/10.0.3/drivers/fsl_smc.c 0x00000000   Number         0  fsl_smc.o ABSOLUTE
    C:/Users/Quan/AppData/Local/Arm/Packs/NXP/MKL46Z4_DFP/10.0.3/drivers/fsl_uart.c 0x00000000   Number         0  fsl_uart.o ABSOLUTE
    C:/Users/Quan/AppData/Local/Arm/Packs/NXP/MKL46Z4_DFP/10.0.3/utilities/fsl_assert.c 0x00000000   Number         0  fsl_assert.o ABSOLUTE
    C:/Users/Quan/AppData/Local/Arm/Packs/NXP/MKL46Z4_DFP/10.0.3/utilities/fsl_debug_console.c 0x00000000   Number         0  fsl_debug_console.o ABSOLUTE
    C:/Users/Quan/AppData/Local/Arm/Packs/NXP/MKL46Z4_DFP/10.0.3/utilities/io/fsl_io.c 0x00000000   Number         0  fsl_io.o ABSOLUTE
    C:/Users/Quan/AppData/Local/Arm/Packs/NXP/MKL46Z4_DFP/10.0.3/utilities/log/fsl_log.c 0x00000000   Number         0  fsl_log.o ABSOLUTE
    C:/Users/Quan/AppData/Local/Arm/Packs/NXP/MKL46Z4_DFP/10.0.3/utilities/str/fsl_str.c 0x00000000   Number         0  fsl_str.o ABSOLUTE
    C:\Users\Quan\AppData\Local\Arm\Packs\NXP\MKL46Z4_DFP\10.0.3\drivers\fsl_clock.c 0x00000000   Number         0  fsl_clock.o ABSOLUTE
    C:\Users\Quan\AppData\Local\Arm\Packs\NXP\MKL46Z4_DFP\10.0.3\drivers\fsl_common.c 0x00000000   Number         0  fsl_common.o ABSOLUTE
    C:\Users\Quan\AppData\Local\Arm\Packs\NXP\MKL46Z4_DFP\10.0.3\drivers\fsl_ftfx_cache.c 0x00000000   Number         0  fsl_ftfx_cache.o ABSOLUTE
    C:\Users\Quan\AppData\Local\Arm\Packs\NXP\MKL46Z4_DFP\10.0.3\drivers\fsl_ftfx_controller.c 0x00000000   Number         0  fsl_ftfx_controller.o ABSOLUTE
    C:\Users\Quan\AppData\Local\Arm\Packs\NXP\MKL46Z4_DFP\10.0.3\drivers\fsl_ftfx_flash.c 0x00000000   Number         0  fsl_ftfx_flash.o ABSOLUTE
    C:\Users\Quan\AppData\Local\Arm\Packs\NXP\MKL46Z4_DFP\10.0.3\drivers\fsl_ftfx_flexnvm.c 0x00000000   Number         0  fsl_ftfx_flexnvm.o ABSOLUTE
    C:\Users\Quan\AppData\Local\Arm\Packs\NXP\MKL46Z4_DFP\10.0.3\drivers\fsl_gpio.c 0x00000000   Number         0  fsl_gpio.o ABSOLUTE
    C:\Users\Quan\AppData\Local\Arm\Packs\NXP\MKL46Z4_DFP\10.0.3\drivers\fsl_i2c.c 0x00000000   Number         0  fsl_i2c.o ABSOLUTE
    C:\Users\Quan\AppData\Local\Arm\Packs\NXP\MKL46Z4_DFP\10.0.3\drivers\fsl_lpsci.c 0x00000000   Number         0  fsl_lpsci.o ABSOLUTE
    C:\Users\Quan\AppData\Local\Arm\Packs\NXP\MKL46Z4_DFP\10.0.3\drivers\fsl_slcd.c 0x00000000   Number         0  fsl_slcd.o ABSOLUTE
    C:\Users\Quan\AppData\Local\Arm\Packs\NXP\MKL46Z4_DFP\10.0.3\drivers\fsl_smc.c 0x00000000   Number         0  fsl_smc.o ABSOLUTE
    C:\Users\Quan\AppData\Local\Arm\Packs\NXP\MKL46Z4_DFP\10.0.3\drivers\fsl_uart.c 0x00000000   Number         0  fsl_uart.o ABSOLUTE
    C:\Users\Quan\AppData\Local\Arm\Packs\NXP\MKL46Z4_DFP\10.0.3\utilities\fsl_assert.c 0x00000000   Number         0  fsl_assert.o ABSOLUTE
    C:\Users\Quan\AppData\Local\Arm\Packs\NXP\MKL46Z4_DFP\10.0.3\utilities\fsl_debug_console.c 0x00000000   Number         0  fsl_debug_console.o ABSOLUTE
    C:\Users\Quan\AppData\Local\Arm\Packs\NXP\MKL46Z4_DFP\10.0.3\utilities\io\fsl_io.c 0x00000000   Number         0  fsl_io.o ABSOLUTE
    C:\Users\Quan\AppData\Local\Arm\Packs\NXP\MKL46Z4_DFP\10.0.3\utilities\log\fsl_log.c 0x00000000   Number         0  fsl_log.o ABSOLUTE
    C:\Users\Quan\AppData\Local\Arm\Packs\NXP\MKL46Z4_DFP\10.0.3\utilities\str\fsl_str.c 0x00000000   Number         0  fsl_str.o ABSOLUTE
    RTE/Board_Support/MKL46Z256VLL4/board.c  0x00000000   Number         0  board.o ABSOLUTE
    RTE/Board_Support/MKL46Z256VLL4/clock_config.c 0x00000000   Number         0  clock_config.o ABSOLUTE
    RTE/Board_Support/MKL46Z256VLL4/peripherals.c 0x00000000   Number         0  peripherals.o ABSOLUTE
    RTE/Board_Support/MKL46Z256VLL4/pin_mux.c 0x00000000   Number         0  pin_mux.o ABSOLUTE
    RTE/Device/MKL46Z256VLL4/startup_MKL46Z4.s 0x00000000   Number         0  startup_mkl46z4.o ABSOLUTE
    RTE/Device/MKL46Z256VLL4/system_MKL46Z4.c 0x00000000   Number         0  system_mkl46z4.o ABSOLUTE
    RTE\Board_Support\MKL46Z256VLL4\board.c  0x00000000   Number         0  board.o ABSOLUTE
    RTE\Board_Support\MKL46Z256VLL4\clock_config.c 0x00000000   Number         0  clock_config.o ABSOLUTE
    RTE\Board_Support\MKL46Z256VLL4\pin_mux.c 0x00000000   Number         0  pin_mux.o ABSOLUTE
    RTE\Device\MKL46Z256VLL4\system_MKL46Z4.c 0x00000000   Number         0  system_mkl46z4.o ABSOLUTE
    dc.s                                     0x00000000   Number         0  dc.o ABSOLUTE
    lcd.c                                    0x00000000   Number         0  lcd.o ABSOLUTE
    lcd.c                                    0x00000000   Number         0  lcd.o ABSOLUTE
    main.c                                   0x00000000   Number         0  main.o ABSOLUTE
    main.c                                   0x00000000   Number         0  main.o ABSOLUTE
    FlashConfig                              0x00000400   Section       16  startup_mkl46z4.o(FlashConfig)
    !!!main                                  0x00000410   Section        8  __main.o(!!!main)
    !!!scatter                               0x00000418   Section       60  __scatter.o(!!!scatter)
    !!handler_copy                           0x00000454   Section       26  __scatter_copy.o(!!handler_copy)
    !!handler_zi                             0x00000470   Section       28  __scatter_zi.o(!!handler_zi)
    .ARM.Collect$$libinit$$00000000          0x0000048c   Section        2  libinit.o(.ARM.Collect$$libinit$$00000000)
    .ARM.Collect$$libinit$$00000002          0x0000048e   Section        0  libinit2.o(.ARM.Collect$$libinit$$00000002)
    .ARM.Collect$$libinit$$00000004          0x0000048e   Section        0  libinit2.o(.ARM.Collect$$libinit$$00000004)
    .ARM.Collect$$libinit$$0000000A          0x0000048e   Section        0  libinit2.o(.ARM.Collect$$libinit$$0000000A)
    .ARM.Collect$$libinit$$0000000C          0x0000048e   Section        0  libinit2.o(.ARM.Collect$$libinit$$0000000C)
    .ARM.Collect$$libinit$$0000000E          0x0000048e   Section        0  libinit2.o(.ARM.Collect$$libinit$$0000000E)
    .ARM.Collect$$libinit$$00000011          0x0000048e   Section        0  libinit2.o(.ARM.Collect$$libinit$$00000011)
    .ARM.Collect$$libinit$$00000013          0x0000048e   Section        0  libinit2.o(.ARM.Collect$$libinit$$00000013)
    .ARM.Collect$$libinit$$00000015          0x0000048e   Section        0  libinit2.o(.ARM.Collect$$libinit$$00000015)
    .ARM.Collect$$libinit$$00000017          0x0000048e   Section        0  libinit2.o(.ARM.Collect$$libinit$$00000017)
    .ARM.Collect$$libinit$$00000019          0x0000048e   Section        0  libinit2.o(.ARM.Collect$$libinit$$00000019)
    .ARM.Collect$$libinit$$0000001B          0x0000048e   Section        0  libinit2.o(.ARM.Collect$$libinit$$0000001B)
    .ARM.Collect$$libinit$$0000001D          0x0000048e   Section        0  libinit2.o(.ARM.Collect$$libinit$$0000001D)
    .ARM.Collect$$libinit$$0000001F          0x0000048e   Section        0  libinit2.o(.ARM.Collect$$libinit$$0000001F)
    .ARM.Collect$$libinit$$00000021          0x0000048e   Section        0  libinit2.o(.ARM.Collect$$libinit$$00000021)
    .ARM.Collect$$libinit$$00000023          0x0000048e   Section        0  libinit2.o(.ARM.Collect$$libinit$$00000023)
    .ARM.Collect$$libinit$$00000025          0x0000048e   Section        0  libinit2.o(.ARM.Collect$$libinit$$00000025)
    .ARM.Collect$$libinit$$0000002C          0x0000048e   Section        0  libinit2.o(.ARM.Collect$$libinit$$0000002C)
    .ARM.Collect$$libinit$$0000002E          0x0000048e   Section        0  libinit2.o(.ARM.Collect$$libinit$$0000002E)
    .ARM.Collect$$libinit$$00000030          0x0000048e   Section        0  libinit2.o(.ARM.Collect$$libinit$$00000030)
    .ARM.Collect$$libinit$$00000032          0x0000048e   Section        0  libinit2.o(.ARM.Collect$$libinit$$00000032)
    .ARM.Collect$$libinit$$00000033          0x0000048e   Section        2  libinit2.o(.ARM.Collect$$libinit$$00000033)
    .ARM.Collect$$libshutdown$$00000000      0x00000490   Section        2  libshutdown.o(.ARM.Collect$$libshutdown$$00000000)
    .ARM.Collect$$libshutdown$$00000002      0x00000492   Section        0  libshutdown2.o(.ARM.Collect$$libshutdown$$00000002)
    .ARM.Collect$$libshutdown$$00000004      0x00000492   Section        0  libshutdown2.o(.ARM.Collect$$libshutdown$$00000004)
    .ARM.Collect$$libshutdown$$00000006      0x00000492   Section        0  libshutdown2.o(.ARM.Collect$$libshutdown$$00000006)
    .ARM.Collect$$libshutdown$$00000009      0x00000492   Section        0  libshutdown2.o(.ARM.Collect$$libshutdown$$00000009)
    .ARM.Collect$$libshutdown$$0000000C      0x00000492   Section        0  libshutdown2.o(.ARM.Collect$$libshutdown$$0000000C)
    .ARM.Collect$$libshutdown$$0000000E      0x00000492   Section        0  libshutdown2.o(.ARM.Collect$$libshutdown$$0000000E)
    .ARM.Collect$$libshutdown$$00000011      0x00000492   Section        0  libshutdown2.o(.ARM.Collect$$libshutdown$$00000011)
    .ARM.Collect$$libshutdown$$00000012      0x00000492   Section        2  libshutdown2.o(.ARM.Collect$$libshutdown$$00000012)
    .ARM.Collect$$rtentry$$00000000          0x00000494   Section        0  __rtentry.o(.ARM.Collect$$rtentry$$00000000)
    .ARM.Collect$$rtentry$$00000002          0x00000494   Section        0  __rtentry2.o(.ARM.Collect$$rtentry$$00000002)
    .ARM.Collect$$rtentry$$00000007          0x00000494   Section        4  __rtentry7.o(.ARM.Collect$$rtentry$$00000007)
    .ARM.Collect$$rtentry$$00000009          0x00000498   Section        0  __rtentry2.o(.ARM.Collect$$rtentry$$00000009)
    .ARM.Collect$$rtentry$$0000000A          0x00000498   Section        4  __rtentry2.o(.ARM.Collect$$rtentry$$0000000A)
    .ARM.Collect$$rtentry$$0000000C          0x0000049c   Section        0  __rtentry2.o(.ARM.Collect$$rtentry$$0000000C)
    .ARM.Collect$$rtentry$$0000000D          0x0000049c   Section        8  __rtentry2.o(.ARM.Collect$$rtentry$$0000000D)
    .ARM.Collect$$rtentry$$00002718          0x000004a4   Section        4  __rtentry7.o(.ARM.Collect$$rtentry$$00002718)
    __lit__00000000                          0x000004a4   Data           4  __rtentry7.o(.ARM.Collect$$rtentry$$00002718)
    .ARM.Collect$$rtexit$$00000000           0x000004a8   Section        2  rtexit.o(.ARM.Collect$$rtexit$$00000000)
    .ARM.Collect$$rtexit$$00000002           0x000004aa   Section        0  rtexit2.o(.ARM.Collect$$rtexit$$00000002)
    .ARM.Collect$$rtexit$$00000003           0x000004aa   Section        4  rtexit2.o(.ARM.Collect$$rtexit$$00000003)
    .ARM.Collect$$rtexit$$00000004           0x000004ae   Section        6  rtexit2.o(.ARM.Collect$$rtexit$$00000004)
    .text                                    0x000004b4   Section      156  startup_mkl46z4.o(.text)
    .text                                    0x00000550   Section        0  strlen.o(.text)
    .text                                    0x00000594   Section        0  rt_memclr.o(.text)
    .text                                    0x000005d4   Section      346  aeabi_sdiv.o(.text)
    .text                                    0x00000730   Section        0  dfixui.o(.text)
    .text                                    0x00000778   Section        0  dflti.o(.text)
    .text                                    0x000007d0   Section        0  dmul.o(.text)
    .text                                    0x00000a18   Section        0  _rserrno.o(.text)
    .text                                    0x00000a30   Section        0  daddsub.o(.text)
    _dadd1                                   0x00000a31   Thumb Code   290  daddsub.o(.text)
    _dsub1                                   0x00000b53   Thumb Code   470  daddsub.o(.text)
    .text                                    0x00000d88   Section        0  ddiv.o(.text)
    .text                                    0x000011d0   Section        8  rt_errno_addr_intlibspace.o(.text)
    .text                                    0x000011d8   Section        0  dcmpin.o(.text)
    .text                                    0x00001268   Section        0  dscalbn.o(.text)
    .text                                    0x000012c8   Section        2  use_no_semi.o(.text)
    .text                                    0x000012ca   Section        0  indicate_semi.o(.text)
    .text                                    0x000012ca   Section        0  exit.o(.text)
    .text                                    0x000012da   Section        0  cmpret.o(.text)
    .text                                    0x00001308   Section        0  dnan2.o(.text)
    .text                                    0x0000131c   Section        0  sys_exit.o(.text)
    .text                                    0x00001328   Section        0  retnan.o(.text)
    i.BOARD_BootClockRUN                     0x00001388   Section        0  clock_config.o(i.BOARD_BootClockRUN)
    i.BOARD_I2C_ConfigurePins                0x000013f4   Section        0  pin_mux.o(i.BOARD_I2C_ConfigurePins)
    i.BOARD_InitDebugConsole                 0x0000142c   Section        0  board.o(i.BOARD_InitDebugConsole)
    i.CLOCK_BootToPeeMode                    0x00001468   Section        0  fsl_clock.o(i.CLOCK_BootToPeeMode)
    i.CLOCK_CONFIG_SetFllExtRefDiv           0x000014c4   Section        0  clock_config.o(i.CLOCK_CONFIG_SetFllExtRefDiv)
    CLOCK_CONFIG_SetFllExtRefDiv             0x000014c5   Thumb Code    22  clock_config.o(i.CLOCK_CONFIG_SetFllExtRefDiv)
    i.CLOCK_EnableClock                      0x000014e0   Section        0  pin_mux.o(i.CLOCK_EnableClock)
    CLOCK_EnableClock                        0x000014e1   Thumb Code    18  pin_mux.o(i.CLOCK_EnableClock)
    i.CLOCK_EnableClock                      0x000014f8   Section        0  fsl_i2c.o(i.CLOCK_EnableClock)
    CLOCK_EnableClock                        0x000014f9   Thumb Code    18  fsl_i2c.o(i.CLOCK_EnableClock)
    i.CLOCK_EnablePll0                       0x00001510   Section        0  fsl_clock.o(i.CLOCK_EnablePll0)
    i.CLOCK_GetEr32kClkFreq                  0x00001578   Section        0  fsl_clock.o(i.CLOCK_GetEr32kClkFreq)
    i.CLOCK_GetFixedFreqClkFreq              0x000015f0   Section        0  fsl_clock.o(i.CLOCK_GetFixedFreqClkFreq)
    i.CLOCK_GetFllExtRefClkFreq              0x00001610   Section        0  fsl_clock.o(i.CLOCK_GetFllExtRefClkFreq)
    CLOCK_GetFllExtRefClkFreq                0x00001611   Thumb Code   110  fsl_clock.o(i.CLOCK_GetFllExtRefClkFreq)
    i.CLOCK_GetFllFreq                       0x00001684   Section        0  fsl_clock.o(i.CLOCK_GetFllFreq)
    i.CLOCK_GetFllRefClkFreq                 0x000016dc   Section        0  fsl_clock.o(i.CLOCK_GetFllRefClkFreq)
    CLOCK_GetFllRefClkFreq                   0x000016dd   Thumb Code    28  fsl_clock.o(i.CLOCK_GetFllRefClkFreq)
    i.CLOCK_GetFreq                          0x00001700   Section        0  fsl_clock.o(i.CLOCK_GetFreq)
    i.CLOCK_GetInternalRefClkFreq            0x000017b0   Section        0  fsl_clock.o(i.CLOCK_GetInternalRefClkFreq)
    i.CLOCK_GetInternalRefClkSelectFreq      0x000017cc   Section        0  fsl_clock.o(i.CLOCK_GetInternalRefClkSelectFreq)
    CLOCK_GetInternalRefClkSelectFreq        0x000017cd   Thumb Code    36  fsl_clock.o(i.CLOCK_GetInternalRefClkSelectFreq)
    i.CLOCK_GetMcgExtClkFreq                 0x000017fc   Section        0  fsl_clock.o(i.CLOCK_GetMcgExtClkFreq)
    CLOCK_GetMcgExtClkFreq                   0x000017fd   Thumb Code    28  fsl_clock.o(i.CLOCK_GetMcgExtClkFreq)
    i.CLOCK_GetOsc0ErClkFreq                 0x0000182c   Section        0  fsl_clock.o(i.CLOCK_GetOsc0ErClkFreq)
    i.CLOCK_GetOscRangeFromFreq              0x00001874   Section        0  fsl_clock.o(i.CLOCK_GetOscRangeFromFreq)
    CLOCK_GetOscRangeFromFreq                0x00001875   Thumb Code    26  fsl_clock.o(i.CLOCK_GetOscRangeFromFreq)
    i.CLOCK_GetOutClkFreq                    0x00001898   Section        0  fsl_clock.o(i.CLOCK_GetOutClkFreq)
    i.CLOCK_GetPll0Freq                      0x000018d8   Section        0  fsl_clock.o(i.CLOCK_GetPll0Freq)
    i.CLOCK_GetPll0RefFreq                   0x00001938   Section        0  fsl_clock.o(i.CLOCK_GetPll0RefFreq)
    CLOCK_GetPll0RefFreq                     0x00001939   Thumb Code     8  fsl_clock.o(i.CLOCK_GetPll0RefFreq)
    i.CLOCK_GetPllFllSelClkFreq              0x00001940   Section        0  fsl_clock.o(i.CLOCK_GetPllFllSelClkFreq)
    i.CLOCK_InitOsc0                         0x00001978   Section        0  fsl_clock.o(i.CLOCK_InitOsc0)
    i.CLOCK_SetExternalRefClkConfig          0x000019f0   Section        0  fsl_clock.o(i.CLOCK_SetExternalRefClkConfig)
    i.CLOCK_SetInternalRefClkConfig          0x000019f8   Section        0  fsl_clock.o(i.CLOCK_SetInternalRefClkConfig)
    i.CLOCK_SetPbeMode                       0x00001aa4   Section        0  fsl_clock.o(i.CLOCK_SetPbeMode)
    i.CLOCK_SetSimConfig                     0x00001b34   Section        0  fsl_clock.o(i.CLOCK_SetSimConfig)
    i.ConvertRadixNumToString                0x00001b84   Section        0  fsl_str.o(i.ConvertRadixNumToString)
    ConvertRadixNumToString                  0x00001b85   Thumb Code   196  fsl_str.o(i.ConvertRadixNumToString)
    i.DbgConsole_Init                        0x00001c48   Section        0  fsl_debug_console.o(i.DbgConsole_Init)
    i.DbgConsole_Printf                      0x00001ca0   Section        0  fsl_debug_console.o(i.DbgConsole_Printf)
    i.DbgConsole_RelocateLog                 0x00001ce4   Section        0  fsl_debug_console.o(i.DbgConsole_RelocateLog)
    DbgConsole_RelocateLog                   0x00001ce5   Thumb Code    58  fsl_debug_console.o(i.DbgConsole_RelocateLog)
    i.I2C0_DriverIRQHandler                  0x00001d20   Section        0  fsl_i2c.o(i.I2C0_DriverIRQHandler)
    i.I2C1_DriverIRQHandler                  0x00001d38   Section        0  fsl_i2c.o(i.I2C1_DriverIRQHandler)
    i.I2C_CheckAndClearError                 0x00001d50   Section        0  fsl_i2c.o(i.I2C_CheckAndClearError)
    I2C_CheckAndClearError                   0x00001d51   Thumb Code    34  fsl_i2c.o(i.I2C_CheckAndClearError)
    i.I2C_GetInstance                        0x00001d78   Section        0  fsl_i2c.o(i.I2C_GetInstance)
    i.I2C_MasterClearStatusFlags             0x00001dd4   Section        0  fsl_i2c.o(i.I2C_MasterClearStatusFlags)
    I2C_MasterClearStatusFlags               0x00001dd5   Thumb Code    44  fsl_i2c.o(i.I2C_MasterClearStatusFlags)
    i.I2C_MasterGetDefaultConfig             0x00001e00   Section        0  fsl_i2c.o(i.I2C_MasterGetDefaultConfig)
    i.I2C_MasterGetStatusFlags               0x00001e40   Section        0  fsl_i2c.o(i.I2C_MasterGetStatusFlags)
    i.I2C_MasterInit                         0x00001e64   Section        0  fsl_i2c.o(i.I2C_MasterInit)
    i.I2C_MasterReadBlocking                 0x00001f18   Section        0  fsl_i2c.o(i.I2C_MasterReadBlocking)
    i.I2C_MasterRepeatedStart                0x00001fac   Section        0  fsl_i2c.o(i.I2C_MasterRepeatedStart)
    i.I2C_MasterSetBaudRate                  0x00002018   Section        0  fsl_i2c.o(i.I2C_MasterSetBaudRate)
    i.I2C_MasterStart                        0x000020a4   Section        0  fsl_i2c.o(i.I2C_MasterStart)
    i.I2C_MasterStop                         0x000020e8   Section        0  fsl_i2c.o(i.I2C_MasterStop)
    i.I2C_MasterTransferBlocking             0x00002104   Section        0  fsl_i2c.o(i.I2C_MasterTransferBlocking)
    i.I2C_MasterWriteBlocking                0x0000229c   Section        0  fsl_i2c.o(i.I2C_MasterWriteBlocking)
    i.I2C_TransferCommonIRQHandler           0x00002344   Section        0  fsl_i2c.o(i.I2C_TransferCommonIRQHandler)
    I2C_TransferCommonIRQHandler             0x00002345   Thumb Code    66  fsl_i2c.o(i.I2C_TransferCommonIRQHandler)
    i.IO_Init                                0x00002390   Section        0  fsl_io.o(i.IO_Init)
    i.IO_Transfer                            0x00002488   Section        0  fsl_io.o(i.IO_Transfer)
    i.LCD_DisplayDemical                     0x000024f8   Section        0  lcd.o(i.LCD_DisplayDemical)
    i.LCD_DisplayError                       0x000025dc   Section        0  lcd.o(i.LCD_DisplayError)
    i.LCD_SetNum                             0x00002664   Section        0  lcd.o(i.LCD_SetNum)
    i.LOG_Init                               0x0000271c   Section        0  fsl_log.o(i.LOG_Init)
    i.LOG_Pop                                0x0000273a   Section        0  fsl_log.o(i.LOG_Pop)
    i.LOG_Push                               0x00002764   Section        0  fsl_log.o(i.LOG_Push)
    i.LPSCI_ClearStatusFlags                 0x00002798   Section        0  fsl_lpsci.o(i.LPSCI_ClearStatusFlags)
    i.LPSCI_GetDefaultConfig                 0x000027f8   Section        0  fsl_lpsci.o(i.LPSCI_GetDefaultConfig)
    i.LPSCI_GetInstance                      0x00002830   Section        0  fsl_lpsci.o(i.LPSCI_GetInstance)
    i.LPSCI_GetStatusFlags                   0x0000288c   Section        0  fsl_lpsci.o(i.LPSCI_GetStatusFlags)
    i.LPSCI_Init                             0x0000289c   Section        0  fsl_lpsci.o(i.LPSCI_Init)
    i.LPSCI_ReadBlocking                     0x00002a4c   Section        0  fsl_lpsci.o(i.LPSCI_ReadBlocking)
    i.LPSCI_WriteBlocking                    0x00002af4   Section        0  fsl_lpsci.o(i.LPSCI_WriteBlocking)
    i.PORT_SetPinConfig                      0x00002b3c   Section        0  pin_mux.o(i.PORT_SetPinConfig)
    PORT_SetPinConfig                        0x00002b3d   Thumb Code    36  pin_mux.o(i.PORT_SetPinConfig)
    i.SLCD_SetBackPlanePhase                 0x00002b6c   Section        0  lcd.o(i.SLCD_SetBackPlanePhase)
    SLCD_SetBackPlanePhase                   0x00002b6d   Thumb Code     8  lcd.o(i.SLCD_SetBackPlanePhase)
    i.SLCD_SetFrontPlaneSegments             0x00002b74   Section        0  lcd.o(i.SLCD_SetFrontPlaneSegments)
    SLCD_SetFrontPlaneSegments               0x00002b75   Thumb Code     8  lcd.o(i.SLCD_SetFrontPlaneSegments)
    i.SLCD_StartDisplay                      0x00002b7c   Section        0  lcd.o(i.SLCD_StartDisplay)
    SLCD_StartDisplay                        0x00002b7d   Thumb Code    10  lcd.o(i.SLCD_StartDisplay)
    i.StrFormatPrintf                        0x00002b86   Section        0  fsl_str.o(i.StrFormatPrintf)
    i.SystemInit                             0x00002db8   Section        0  system_mkl46z4.o(i.SystemInit)
    i.SystemInitHook                         0x00002dcc   Section        0  system_mkl46z4.o(i.SystemInitHook)
    i.UART0_DriverIRQHandler                 0x00002dd0   Section        0  fsl_lpsci.o(i.UART0_DriverIRQHandler)
    i.UART1_DriverIRQHandler                 0x00002dec   Section        0  fsl_uart.o(i.UART1_DriverIRQHandler)
    i.UART2_DriverIRQHandler                 0x00002e08   Section        0  fsl_uart.o(i.UART2_DriverIRQHandler)
    i.UART_GetDefaultConfig                  0x00002e24   Section        0  fsl_uart.o(i.UART_GetDefaultConfig)
    i.UART_GetInstance                       0x00002e5c   Section        0  fsl_uart.o(i.UART_GetInstance)
    i.UART_GetStatusFlags                    0x00002eb4   Section        0  fsl_uart.o(i.UART_GetStatusFlags)
    i.UART_Init                              0x00002ec4   Section        0  fsl_uart.o(i.UART_Init)
    i.UART_ReadBlocking                      0x00003010   Section        0  fsl_uart.o(i.UART_ReadBlocking)
    i.UART_WriteBlocking                     0x0000309c   Section        0  fsl_uart.o(i.UART_WriteBlocking)
    i.__ARM_common_switch8                   0x000030bc   Section        0  lcd.o(i.__ARM_common_switch8)
    i.__ARM_fpclassify                       0x000030d8   Section        0  fpclassify.o(i.__ARM_fpclassify)
    i.__aeabi_assert                         0x00003104   Section        0  fsl_assert.o(i.__aeabi_assert)
    i.__kernel_poly                          0x00003148   Section        0  poly.o(i.__kernel_poly)
    i.__mathlib_dbl_infnan                   0x000031f4   Section        0  dunder.o(i.__mathlib_dbl_infnan)
    i.__mathlib_dbl_infnan2                  0x000031fe   Section        0  dunder.o(i.__mathlib_dbl_infnan2)
    i.__mathlib_dbl_underflow                0x00003208   Section        0  dunder.o(i.__mathlib_dbl_underflow)
    i.atan                                   0x0000321c   Section        0  atan.o(i.atan)
    i.atan2                                  0x00003438   Section        0  atan2.o(i.atan2)
    i.delay                                  0x000035d4   Section        0  lcd.o(i.delay)
    i.init_i2c                               0x000035e4   Section        0  main.o(i.init_i2c)
    i.main                                   0x00003618   Section        0  main.o(i.main)
    i.read_i2c                               0x00003758   Section        0  main.o(i.read_i2c)
    i.send_i2c                               0x00003788   Section        0  main.o(i.send_i2c)
    x$fpl$deqf                               0x000037bc   Section      100  deqf.o(x$fpl$deqf)
    .constdata                               0x00003820   Section       56  clock_config.o(.constdata)
    x$fpl$usenofp                            0x00003820   Section        0  usenofp.o(x$fpl$usenofp)
    .constdata                               0x00003858   Section        6  pin_mux.o(.constdata)
    .constdata                               0x00003860   Section       96  fsl_clock.o(.constdata)
    mcgModeMatrix                            0x00003860   Data          64  fsl_clock.o(.constdata)
    fllFactorTable                           0x000038a0   Data          16  fsl_clock.o(.constdata)
    trimRange                                0x000038b0   Data          16  fsl_clock.o(.constdata)
    .constdata                               0x000038c0   Section      148  fsl_i2c.o(.constdata)
    s_i2cDividerTable                        0x000038c8   Data         128  fsl_i2c.o(.constdata)
    s_i2cIrqs                                0x00003948   Data           2  fsl_i2c.o(.constdata)
    s_i2cClocks                              0x0000394c   Data           8  fsl_i2c.o(.constdata)
    .constdata                               0x00003954   Section       12  fsl_lpsci.o(.constdata)
    s_lpsciBases                             0x00003954   Data           4  fsl_lpsci.o(.constdata)
    s_lpsciIRQ                               0x00003958   Data           1  fsl_lpsci.o(.constdata)
    s_lpsciClock                             0x0000395c   Data           4  fsl_lpsci.o(.constdata)
    .constdata                               0x00003960   Section       28  fsl_uart.o(.constdata)
    s_uartBases                              0x00003960   Data          12  fsl_uart.o(.constdata)
    s_uartIRQ                                0x0000396c   Data           3  fsl_uart.o(.constdata)
    s_uartClock                              0x00003970   Data          12  fsl_uart.o(.constdata)
    .constdata                               0x0000397c   Section      128  ddiv.o(.constdata)
    ddiv_reciptbl                            0x0000397c   Data         128  ddiv.o(.constdata)
    .constdata                               0x00003a00   Section      152  atan.o(.constdata)
    atanhi                                   0x00003a00   Data          32  atan.o(.constdata)
    atanlo                                   0x00003a20   Data          32  atan.o(.constdata)
    aTodd                                    0x00003a40   Data          40  atan.o(.constdata)
    aTeven                                   0x00003a68   Data          48  atan.o(.constdata)
    .constdata                               0x00003a98   Section        8  qnan.o(.constdata)
    .conststring                             0x00003aa0   Section       80  pin_mux.o(.conststring)
    .conststring                             0x00003af0   Section       81  fsl_clock.o(.conststring)
    .conststring                             0x00003b44   Section       79  fsl_i2c.o(.conststring)
    .conststring                             0x00003b94   Section       81  fsl_lpsci.o(.conststring)
    .conststring                             0x00003be8   Section       80  fsl_uart.o(.conststring)
    .conststring                             0x00003c38   Section       91  fsl_debug_console.o(.conststring)
    .conststring                             0x00003c94   Section       83  fsl_io.o(.conststring)
    .conststring                             0x00003ce8   Section       85  fsl_log.o(.conststring)
    .data                                    0x1fffe000   Section       16  fsl_clock.o(.data)
    s_slowIrcFreq                            0x1fffe000   Data           4  fsl_clock.o(.data)
    s_fastIrcFreq                            0x1fffe004   Data           4  fsl_clock.o(.data)
    .data                                    0x1fffe010   Section       16  fsl_i2c.o(.data)
    s_i2cHandle                              0x1fffe010   Data           8  fsl_i2c.o(.data)
    s_i2cMasterIsr                           0x1fffe018   Data           4  fsl_i2c.o(.data)
    s_i2cSlaveIsr                            0x1fffe01c   Data           4  fsl_i2c.o(.data)
    .data                                    0x1fffe020   Section        8  fsl_lpsci.o(.data)
    s_lpsciHandle                            0x1fffe020   Data           4  fsl_lpsci.o(.data)
    s_lpsciIsr                               0x1fffe024   Data           4  fsl_lpsci.o(.data)
    .data                                    0x1fffe028   Section        4  fsl_uart.o(.data)
    s_uartIsr                                0x1fffe028   Data           4  fsl_uart.o(.data)
    .data                                    0x1fffe02c   Section        8  fsl_io.o(.data)
    s_debugConsoleIO                         0x1fffe02c   Data           8  fsl_io.o(.data)
    .data                                    0x1fffe034   Section        4  system_mkl46z4.o(.data)
    .bss                                     0x1fffe038   Section       12  fsl_uart.o(.bss)
    s_uartHandle                             0x1fffe038   Data          12  fsl_uart.o(.bss)
    .bss                                     0x1fffe044   Section       96  libspace.o(.bss)

    Global Symbols

    Symbol Name                              Value     Ov Type        Size  Object(Section)

    BuildAttributes$$THM_ISAv3M$S$PE$A:L22$X:L11$S22$IEEE1$IW$USESV6$~STKCKD$USESV7$~SHL$OTIME$ROPI$IEEEX$EBA8$UX$STANDARDLIB$REQ8$PRES8$EABIv2 0x00000000   Number         0  anon$$obj.o ABSOLUTE
    __ARM_use_no_argv                        0x00000000   Number         0  main.o ABSOLUTE
    __Vectors                                0x00000000   Data           4  startup_mkl46z4.o(RESET)
    Image$$ZI$$Limit                          - Undefined Weak Reference
    __ARM_exceptions_init                     - Undefined Weak Reference
    __alloca_initialize                       - Undefined Weak Reference
    __arm_fini_                               - Undefined Weak Reference
    __arm_preinit_                            - Undefined Weak Reference
    __cpp_initialize__aeabi_                  - Undefined Weak Reference
    __cxa_finalize                            - Undefined Weak Reference
    __rt_locale                               - Undefined Weak Reference
    __sigvec_lookup                           - Undefined Weak Reference
    __user_heap_extent                        - Undefined Weak Reference
    _atexit_init                              - Undefined Weak Reference
    _call_atexit_fns                          - Undefined Weak Reference
    _clock_init                               - Undefined Weak Reference
    _fp_trap_init                             - Undefined Weak Reference
    _fp_trap_shutdown                         - Undefined Weak Reference
    _get_lc_collate                           - Undefined Weak Reference
    _get_lc_ctype                             - Undefined Weak Reference
    _get_lc_monetary                          - Undefined Weak Reference
    _get_lc_numeric                           - Undefined Weak Reference
    _get_lc_time                              - Undefined Weak Reference
    _getenv_init                              - Undefined Weak Reference
    _handle_redirection                       - Undefined Weak Reference
    _initio                                   - Undefined Weak Reference
    _mutex_acquire                            - Undefined Weak Reference
    _mutex_free                               - Undefined Weak Reference
    _mutex_release                            - Undefined Weak Reference
    _rand_init                                - Undefined Weak Reference
    _signal_finish                            - Undefined Weak Reference
    _signal_init                              - Undefined Weak Reference
    _terminateio                              - Undefined Weak Reference
    __Vectors_End                            0x000000c0   Data           0  startup_mkl46z4.o(RESET)
    __Vectors_Size                           0x000000c0   Number         0  startup_mkl46z4.o ABSOLUTE
    __main                                   0x00000411   Thumb Code     8  __main.o(!!!main)
    __scatterload                            0x00000419   Thumb Code     0  __scatter.o(!!!scatter)
    __scatterload_rt2                        0x00000419   Thumb Code    52  __scatter.o(!!!scatter)
    __scatterload_rt2_thumb_only             0x00000419   Thumb Code     0  __scatter.o(!!!scatter)
    __scatterload_null                       0x00000429   Thumb Code     0  __scatter.o(!!!scatter)
    __scatterload_copy                       0x00000455   Thumb Code    26  __scatter_copy.o(!!handler_copy)
    __scatterload_zeroinit                   0x00000471   Thumb Code    28  __scatter_zi.o(!!handler_zi)
    __rt_lib_init                            0x0000048d   Thumb Code     0  libinit.o(.ARM.Collect$$libinit$$00000000)
    __rt_lib_init_alloca_1                   0x0000048f   Thumb Code     0  libinit2.o(.ARM.Collect$$libinit$$0000002E)
    __rt_lib_init_argv_1                     0x0000048f   Thumb Code     0  libinit2.o(.ARM.Collect$$libinit$$0000002C)
    __rt_lib_init_atexit_1                   0x0000048f   Thumb Code     0  libinit2.o(.ARM.Collect$$libinit$$0000001B)
    __rt_lib_init_clock_1                    0x0000048f   Thumb Code     0  libinit2.o(.ARM.Collect$$libinit$$00000021)
    __rt_lib_init_cpp_1                      0x0000048f   Thumb Code     0  libinit2.o(.ARM.Collect$$libinit$$00000032)
    __rt_lib_init_exceptions_1               0x0000048f   Thumb Code     0  libinit2.o(.ARM.Collect$$libinit$$00000030)
    __rt_lib_init_fp_1                       0x0000048f   Thumb Code     0  libinit2.o(.ARM.Collect$$libinit$$00000002)
    __rt_lib_init_fp_trap_1                  0x0000048f   Thumb Code     0  libinit2.o(.ARM.Collect$$libinit$$0000001F)
    __rt_lib_init_getenv_1                   0x0000048f   Thumb Code     0  libinit2.o(.ARM.Collect$$libinit$$00000023)
    __rt_lib_init_heap_1                     0x0000048f   Thumb Code     0  libinit2.o(.ARM.Collect$$libinit$$0000000A)
    __rt_lib_init_lc_collate_1               0x0000048f   Thumb Code     0  libinit2.o(.ARM.Collect$$libinit$$00000011)
    __rt_lib_init_lc_ctype_1                 0x0000048f   Thumb Code     0  libinit2.o(.ARM.Collect$$libinit$$00000013)
    __rt_lib_init_lc_monetary_1              0x0000048f   Thumb Code     0  libinit2.o(.ARM.Collect$$libinit$$00000015)
    __rt_lib_init_lc_numeric_1               0x0000048f   Thumb Code     0  libinit2.o(.ARM.Collect$$libinit$$00000017)
    __rt_lib_init_lc_time_1                  0x0000048f   Thumb Code     0  libinit2.o(.ARM.Collect$$libinit$$00000019)
    __rt_lib_init_preinit_1                  0x0000048f   Thumb Code     0  libinit2.o(.ARM.Collect$$libinit$$00000004)
    __rt_lib_init_rand_1                     0x0000048f   Thumb Code     0  libinit2.o(.ARM.Collect$$libinit$$0000000E)
    __rt_lib_init_return                     0x0000048f   Thumb Code     0  libinit2.o(.ARM.Collect$$libinit$$00000033)
    __rt_lib_init_signal_1                   0x0000048f   Thumb Code     0  libinit2.o(.ARM.Collect$$libinit$$0000001D)
    __rt_lib_init_stdio_1                    0x0000048f   Thumb Code     0  libinit2.o(.ARM.Collect$$libinit$$00000025)
    __rt_lib_init_user_alloc_1               0x0000048f   Thumb Code     0  libinit2.o(.ARM.Collect$$libinit$$0000000C)
    __rt_lib_shutdown                        0x00000491   Thumb Code     0  libshutdown.o(.ARM.Collect$$libshutdown$$00000000)
    __rt_lib_shutdown_cpp_1                  0x00000493   Thumb Code     0  libshutdown2.o(.ARM.Collect$$libshutdown$$00000004)
    __rt_lib_shutdown_fini_1                 0x00000493   Thumb Code     0  libshutdown2.o(.ARM.Collect$$libshutdown$$00000002)
    __rt_lib_shutdown_fp_trap_1              0x00000493   Thumb Code     0  libshutdown2.o(.ARM.Collect$$libshutdown$$00000009)
    __rt_lib_shutdown_heap_1                 0x00000493   Thumb Code     0  libshutdown2.o(.ARM.Collect$$libshutdown$$00000011)
    __rt_lib_shutdown_return                 0x00000493   Thumb Code     0  libshutdown2.o(.ARM.Collect$$libshutdown$$00000012)
    __rt_lib_shutdown_signal_1               0x00000493   Thumb Code     0  libshutdown2.o(.ARM.Collect$$libshutdown$$0000000C)
    __rt_lib_shutdown_stdio_1                0x00000493   Thumb Code     0  libshutdown2.o(.ARM.Collect$$libshutdown$$00000006)
    __rt_lib_shutdown_user_alloc_1           0x00000493   Thumb Code     0  libshutdown2.o(.ARM.Collect$$libshutdown$$0000000E)
    __rt_entry                               0x00000495   Thumb Code     0  __rtentry.o(.ARM.Collect$$rtentry$$00000000)
    __rt_entry_presh_1                       0x00000495   Thumb Code     0  __rtentry2.o(.ARM.Collect$$rtentry$$00000002)
    __rt_entry_sh                            0x00000495   Thumb Code     0  __rtentry7.o(.ARM.Collect$$rtentry$$00000007)
    __rt_entry_li                            0x00000499   Thumb Code     0  __rtentry2.o(.ARM.Collect$$rtentry$$0000000A)
    __rt_entry_postsh_1                      0x00000499   Thumb Code     0  __rtentry2.o(.ARM.Collect$$rtentry$$00000009)
    __rt_entry_main                          0x0000049d   Thumb Code     0  __rtentry2.o(.ARM.Collect$$rtentry$$0000000D)
    __rt_entry_postli_1                      0x0000049d   Thumb Code     0  __rtentry2.o(.ARM.Collect$$rtentry$$0000000C)
    __rt_exit                                0x000004a9   Thumb Code     0  rtexit.o(.ARM.Collect$$rtexit$$00000000)
    __rt_exit_ls                             0x000004ab   Thumb Code     0  rtexit2.o(.ARM.Collect$$rtexit$$00000003)
    __rt_exit_prels_1                        0x000004ab   Thumb Code     0  rtexit2.o(.ARM.Collect$$rtexit$$00000002)
    __rt_exit_exit                           0x000004af   Thumb Code     0  rtexit2.o(.ARM.Collect$$rtexit$$00000004)
    Reset_Handler                            0x000004b5   Thumb Code    24  startup_mkl46z4.o(.text)
    NMI_Handler                              0x000004cd   Thumb Code     2  startup_mkl46z4.o(.text)
    HardFault_Handler                        0x000004cf   Thumb Code     2  startup_mkl46z4.o(.text)
    SVC_Handler                              0x000004d1   Thumb Code     2  startup_mkl46z4.o(.text)
    PendSV_Handler                           0x000004d3   Thumb Code     2  startup_mkl46z4.o(.text)
    SysTick_Handler                          0x000004d5   Thumb Code     2  startup_mkl46z4.o(.text)
    DMA0_IRQHandler                          0x000004d7   Thumb Code     4  startup_mkl46z4.o(.text)
    DMA1_IRQHandler                          0x000004db   Thumb Code     4  startup_mkl46z4.o(.text)
    DMA2_IRQHandler                          0x000004df   Thumb Code     4  startup_mkl46z4.o(.text)
    DMA3_IRQHandler                          0x000004e3   Thumb Code     4  startup_mkl46z4.o(.text)
    I2C0_IRQHandler                          0x000004e7   Thumb Code     4  startup_mkl46z4.o(.text)
    I2C1_IRQHandler                          0x000004eb   Thumb Code     4  startup_mkl46z4.o(.text)
    SPI0_IRQHandler                          0x000004ef   Thumb Code     4  startup_mkl46z4.o(.text)
    SPI1_IRQHandler                          0x000004f3   Thumb Code     4  startup_mkl46z4.o(.text)
    UART0_IRQHandler                         0x000004f7   Thumb Code     4  startup_mkl46z4.o(.text)
    UART1_IRQHandler                         0x000004fb   Thumb Code     4  startup_mkl46z4.o(.text)
    UART2_IRQHandler                         0x000004ff   Thumb Code     4  startup_mkl46z4.o(.text)
    I2S0_IRQHandler                          0x00000503   Thumb Code     4  startup_mkl46z4.o(.text)
    ADC0_IRQHandler                          0x00000507   Thumb Code     0  startup_mkl46z4.o(.text)
    CMP0_IRQHandler                          0x00000507   Thumb Code     0  startup_mkl46z4.o(.text)
    DAC0_IRQHandler                          0x00000507   Thumb Code     0  startup_mkl46z4.o(.text)
    DMA0_DriverIRQHandler                    0x00000507   Thumb Code     0  startup_mkl46z4.o(.text)
    DMA1_DriverIRQHandler                    0x00000507   Thumb Code     0  startup_mkl46z4.o(.text)
    DMA2_DriverIRQHandler                    0x00000507   Thumb Code     0  startup_mkl46z4.o(.text)
    DMA3_DriverIRQHandler                    0x00000507   Thumb Code     0  startup_mkl46z4.o(.text)
    DefaultISR                               0x00000507   Thumb Code     0  startup_mkl46z4.o(.text)
    FTFA_IRQHandler                          0x00000507   Thumb Code     0  startup_mkl46z4.o(.text)
    I2S0_DriverIRQHandler                    0x00000507   Thumb Code     0  startup_mkl46z4.o(.text)
    LCD_IRQHandler                           0x00000507   Thumb Code     0  startup_mkl46z4.o(.text)
    LLWU_IRQHandler                          0x00000507   Thumb Code     0  startup_mkl46z4.o(.text)
    LPTMR0_IRQHandler                        0x00000507   Thumb Code     0  startup_mkl46z4.o(.text)
    LVD_LVW_IRQHandler                       0x00000507   Thumb Code     0  startup_mkl46z4.o(.text)
    MCG_IRQHandler                           0x00000507   Thumb Code     0  startup_mkl46z4.o(.text)
    PIT_IRQHandler                           0x00000507   Thumb Code     0  startup_mkl46z4.o(.text)
    PORTA_IRQHandler                         0x00000507   Thumb Code     0  startup_mkl46z4.o(.text)
    PORTC_PORTD_IRQHandler                   0x00000507   Thumb Code     0  startup_mkl46z4.o(.text)
    RTC_IRQHandler                           0x00000507   Thumb Code     0  startup_mkl46z4.o(.text)
    RTC_Seconds_IRQHandler                   0x00000507   Thumb Code     0  startup_mkl46z4.o(.text)
    Reserved20_IRQHandler                    0x00000507   Thumb Code     0  startup_mkl46z4.o(.text)
    SPI0_DriverIRQHandler                    0x00000507   Thumb Code     0  startup_mkl46z4.o(.text)
    SPI1_DriverIRQHandler                    0x00000507   Thumb Code     0  startup_mkl46z4.o(.text)
    TPM0_IRQHandler                          0x00000507   Thumb Code     0  startup_mkl46z4.o(.text)
    TPM1_IRQHandler                          0x00000507   Thumb Code     0  startup_mkl46z4.o(.text)
    TPM2_IRQHandler                          0x00000507   Thumb Code     0  startup_mkl46z4.o(.text)
    TSI0_IRQHandler                          0x00000507   Thumb Code     0  startup_mkl46z4.o(.text)
    USB0_IRQHandler                          0x00000507   Thumb Code     0  startup_mkl46z4.o(.text)
    strlen                                   0x00000551   Thumb Code    62  strlen.o(.text)
    _memset_w                                0x00000595   Thumb Code    26  rt_memclr.o(.text)
    _memset                                  0x000005af   Thumb Code    30  rt_memclr.o(.text)
    __aeabi_memclr                           0x000005cd   Thumb Code     4  rt_memclr.o(.text)
    __rt_memclr                              0x000005cd   Thumb Code     0  rt_memclr.o(.text)
    __aeabi_memclr4                          0x000005d1   Thumb Code     0  rt_memclr.o(.text)
    __aeabi_memclr8                          0x000005d1   Thumb Code     0  rt_memclr.o(.text)
    __rt_memclr_w                            0x000005d1   Thumb Code     4  rt_memclr.o(.text)
    __aeabi_uidiv                            0x000005d5   Thumb Code     0  aeabi_sdiv.o(.text)
    __aeabi_uidivmod                         0x000005d5   Thumb Code    20  aeabi_sdiv.o(.text)
    __aeabi_idiv                             0x000005e9   Thumb Code     0  aeabi_sdiv.o(.text)
    __aeabi_idivmod                          0x000005e9   Thumb Code   326  aeabi_sdiv.o(.text)
    __aeabi_d2uiz                            0x00000731   Thumb Code     0  dfixui.o(.text)
    _dfixu                                   0x00000731   Thumb Code    68  dfixui.o(.text)
    __aeabi_i2d_normalise                    0x00000779   Thumb Code    66  dflti.o(.text)
    __aeabi_i2d                              0x000007bb   Thumb Code    16  dflti.o(.text)
    _dflt                                    0x000007bb   Thumb Code     0  dflti.o(.text)
    __aeabi_ui2d                             0x000007cb   Thumb Code     6  dflti.o(.text)
    _dfltu                                   0x000007cb   Thumb Code     0  dflti.o(.text)
    __aeabi_dmul                             0x000007d1   Thumb Code     0  dmul.o(.text)
    _dmul                                    0x000007d1   Thumb Code   558  dmul.o(.text)
    __read_errno                             0x00000a19   Thumb Code    10  _rserrno.o(.text)
    __set_errno                              0x00000a23   Thumb Code    12  _rserrno.o(.text)
    __aeabi_dadd                             0x00000d29   Thumb Code     0  daddsub.o(.text)
    _dadd                                    0x00000d29   Thumb Code    26  daddsub.o(.text)
    __aeabi_dsub                             0x00000d43   Thumb Code     0  daddsub.o(.text)
    _dsub                                    0x00000d43   Thumb Code    22  daddsub.o(.text)
    __aeabi_drsub                            0x00000d59   Thumb Code     0  daddsub.o(.text)
    _drsb                                    0x00000d59   Thumb Code    28  daddsub.o(.text)
    __aeabi_ddiv                             0x00000d89   Thumb Code     0  ddiv.o(.text)
    _ddiv                                    0x00000d89   Thumb Code  1072  ddiv.o(.text)
    _drdiv                                   0x000011b9   Thumb Code    20  ddiv.o(.text)
    __aeabi_errno_addr                       0x000011d1   Thumb Code     8  rt_errno_addr_intlibspace.o(.text)
    __errno$intlibspace                      0x000011d1   Thumb Code     0  rt_errno_addr_intlibspace.o(.text)
    __rt_errno_addr$intlibspace              0x000011d1   Thumb Code     0  rt_errno_addr_intlibspace.o(.text)
    __fpl_dcmp_InfNaN                        0x000011d9   Thumb Code   140  dcmpin.o(.text)
    __ARM_scalbn                             0x00001269   Thumb Code    84  dscalbn.o(.text)
    __I$use$semihosting                      0x000012c9   Thumb Code     0  use_no_semi.o(.text)
    __use_no_semihosting_swi                 0x000012c9   Thumb Code     2  use_no_semi.o(.text)
    __semihosting_library_function           0x000012cb   Thumb Code     0  indicate_semi.o(.text)
    exit                                     0x000012cb   Thumb Code    16  exit.o(.text)
    __fpl_cmpreturn                          0x000012db   Thumb Code    46  cmpret.o(.text)
    __fpl_dcheck_NaN2                        0x00001309   Thumb Code    14  dnan2.o(.text)
    _sys_exit                                0x0000131d   Thumb Code     8  sys_exit.o(.text)
    __fpl_return_NaN                         0x00001329   Thumb Code    94  retnan.o(.text)
    BOARD_BootClockRUN                       0x00001389   Thumb Code    74  clock_config.o(i.BOARD_BootClockRUN)
    BOARD_I2C_ConfigurePins                  0x000013f5   Thumb Code    44  pin_mux.o(i.BOARD_I2C_ConfigurePins)
    BOARD_InitDebugConsole                   0x0000142d   Thumb Code    52  board.o(i.BOARD_InitDebugConsole)
    CLOCK_BootToPeeMode                      0x00001469   Thumb Code    70  fsl_clock.o(i.CLOCK_BootToPeeMode)
    CLOCK_EnablePll0                         0x00001511   Thumb Code    86  fsl_clock.o(i.CLOCK_EnablePll0)
    CLOCK_GetEr32kClkFreq                    0x00001579   Thumb Code    92  fsl_clock.o(i.CLOCK_GetEr32kClkFreq)
    CLOCK_GetFixedFreqClkFreq                0x000015f1   Thumb Code    30  fsl_clock.o(i.CLOCK_GetFixedFreqClkFreq)
    CLOCK_GetFllFreq                         0x00001685   Thumb Code    78  fsl_clock.o(i.CLOCK_GetFllFreq)
    CLOCK_GetFreq                            0x00001701   Thumb Code   172  fsl_clock.o(i.CLOCK_GetFreq)
    CLOCK_GetInternalRefClkFreq              0x000017b1   Thumb Code    22  fsl_clock.o(i.CLOCK_GetInternalRefClkFreq)
    CLOCK_GetOsc0ErClkFreq                   0x0000182d   Thumb Code    46  fsl_clock.o(i.CLOCK_GetOsc0ErClkFreq)
    CLOCK_GetOutClkFreq                      0x00001899   Thumb Code    60  fsl_clock.o(i.CLOCK_GetOutClkFreq)
    CLOCK_GetPll0Freq                        0x000018d9   Thumb Code    72  fsl_clock.o(i.CLOCK_GetPll0Freq)
    CLOCK_GetPllFllSelClkFreq                0x00001941   Thumb Code    52  fsl_clock.o(i.CLOCK_GetPllFllSelClkFreq)
    CLOCK_InitOsc0                           0x00001979   Thumb Code   110  fsl_clock.o(i.CLOCK_InitOsc0)
    CLOCK_SetExternalRefClkConfig            0x000019f1   Thumb Code     6  fsl_clock.o(i.CLOCK_SetExternalRefClkConfig)
    CLOCK_SetInternalRefClkConfig            0x000019f9   Thumb Code   166  fsl_clock.o(i.CLOCK_SetInternalRefClkConfig)
    CLOCK_SetPbeMode                         0x00001aa5   Thumb Code   126  fsl_clock.o(i.CLOCK_SetPbeMode)
    CLOCK_SetSimConfig                       0x00001b35   Thumb Code    70  fsl_clock.o(i.CLOCK_SetSimConfig)
    DbgConsole_Init                          0x00001c49   Thumb Code    40  fsl_debug_console.o(i.DbgConsole_Init)
    DbgConsole_Printf                        0x00001ca1   Thumb Code    62  fsl_debug_console.o(i.DbgConsole_Printf)
    I2C0_DriverIRQHandler                    0x00001d21   Thumb Code    14  fsl_i2c.o(i.I2C0_DriverIRQHandler)
    I2C1_DriverIRQHandler                    0x00001d39   Thumb Code    14  fsl_i2c.o(i.I2C1_DriverIRQHandler)
    I2C_GetInstance                          0x00001d79   Thumb Code    48  fsl_i2c.o(i.I2C_GetInstance)
    I2C_MasterGetDefaultConfig               0x00001e01   Thumb Code    36  fsl_i2c.o(i.I2C_MasterGetDefaultConfig)
    I2C_MasterGetStatusFlags                 0x00001e41   Thumb Code    34  fsl_i2c.o(i.I2C_MasterGetStatusFlags)
    I2C_MasterInit                           0x00001e65   Thumb Code   140  fsl_i2c.o(i.I2C_MasterInit)
    I2C_MasterReadBlocking                   0x00001f19   Thumb Code   146  fsl_i2c.o(i.I2C_MasterReadBlocking)
    I2C_MasterRepeatedStart                  0x00001fad   Thumb Code   104  fsl_i2c.o(i.I2C_MasterRepeatedStart)
    I2C_MasterSetBaudRate                    0x00002019   Thumb Code   136  fsl_i2c.o(i.I2C_MasterSetBaudRate)
    I2C_MasterStart                          0x000020a5   Thumb Code    62  fsl_i2c.o(i.I2C_MasterStart)
    I2C_MasterStop                           0x000020e9   Thumb Code    26  fsl_i2c.o(i.I2C_MasterStop)
    I2C_MasterTransferBlocking               0x00002105   Thumb Code   388  fsl_i2c.o(i.I2C_MasterTransferBlocking)
    I2C_MasterWriteBlocking                  0x0000229d   Thumb Code   162  fsl_i2c.o(i.I2C_MasterWriteBlocking)
    IO_Init                                  0x00002391   Thumb Code   226  fsl_io.o(i.IO_Init)
    IO_Transfer                              0x00002489   Thumb Code   108  fsl_io.o(i.IO_Transfer)
    LCD_DisplayDemical                       0x000024f9   Thumb Code   220  lcd.o(i.LCD_DisplayDemical)
    LCD_DisplayError                         0x000025dd   Thumb Code   130  lcd.o(i.LCD_DisplayError)
    LCD_SetNum                               0x00002665   Thumb Code   178  lcd.o(i.LCD_SetNum)
    LOG_Init                                 0x0000271d   Thumb Code    30  fsl_log.o(i.LOG_Init)
    LOG_Pop                                  0x0000273b   Thumb Code    42  fsl_log.o(i.LOG_Pop)
    LOG_Push                                 0x00002765   Thumb Code    34  fsl_log.o(i.LOG_Push)
    LPSCI_ClearStatusFlags                   0x00002799   Thumb Code    92  fsl_lpsci.o(i.LPSCI_ClearStatusFlags)
    LPSCI_GetDefaultConfig                   0x000027f9   Thumb Code    42  fsl_lpsci.o(i.LPSCI_GetDefaultConfig)
    LPSCI_GetInstance                        0x00002831   Thumb Code    48  fsl_lpsci.o(i.LPSCI_GetInstance)
    LPSCI_GetStatusFlags                     0x0000288d   Thumb Code    14  fsl_lpsci.o(i.LPSCI_GetStatusFlags)
    LPSCI_Init                               0x0000289d   Thumb Code   384  fsl_lpsci.o(i.LPSCI_Init)
    LPSCI_ReadBlocking                       0x00002a4d   Thumb Code   152  fsl_lpsci.o(i.LPSCI_ReadBlocking)
    LPSCI_WriteBlocking                      0x00002af5   Thumb Code    54  fsl_lpsci.o(i.LPSCI_WriteBlocking)
    StrFormatPrintf                          0x00002b87   Thumb Code   562  fsl_str.o(i.StrFormatPrintf)
    SystemInit                               0x00002db9   Thumb Code    14  system_mkl46z4.o(i.SystemInit)
    SystemInitHook                           0x00002dcd   Thumb Code     2  system_mkl46z4.o(i.SystemInitHook)
    UART0_DriverIRQHandler                   0x00002dd1   Thumb Code    16  fsl_lpsci.o(i.UART0_DriverIRQHandler)
    UART1_DriverIRQHandler                   0x00002ded   Thumb Code    16  fsl_uart.o(i.UART1_DriverIRQHandler)
    UART2_DriverIRQHandler                   0x00002e09   Thumb Code    16  fsl_uart.o(i.UART2_DriverIRQHandler)
    UART_GetDefaultConfig                    0x00002e25   Thumb Code    42  fsl_uart.o(i.UART_GetDefaultConfig)
    UART_GetInstance                         0x00002e5d   Thumb Code    50  fsl_uart.o(i.UART_GetInstance)
    UART_GetStatusFlags                      0x00002eb5   Thumb Code    14  fsl_uart.o(i.UART_GetStatusFlags)
    UART_Init                                0x00002ec5   Thumb Code   284  fsl_uart.o(i.UART_Init)
    UART_ReadBlocking                        0x00003011   Thumb Code   118  fsl_uart.o(i.UART_ReadBlocking)
    UART_WriteBlocking                       0x0000309d   Thumb Code    32  fsl_uart.o(i.UART_WriteBlocking)
    __ARM_common_switch8                     0x000030bd   Thumb Code    28  lcd.o(i.__ARM_common_switch8)
    __ARM_fpclassify                         0x000030d9   Thumb Code    40  fpclassify.o(i.__ARM_fpclassify)
    __aeabi_assert                           0x00003105   Thumb Code    24  fsl_assert.o(i.__aeabi_assert)
    __kernel_poly                            0x00003149   Thumb Code   172  poly.o(i.__kernel_poly)
    __mathlib_dbl_infnan                     0x000031f5   Thumb Code    10  dunder.o(i.__mathlib_dbl_infnan)
    __mathlib_dbl_infnan2                    0x000031ff   Thumb Code     8  dunder.o(i.__mathlib_dbl_infnan2)
    __mathlib_dbl_underflow                  0x00003209   Thumb Code    14  dunder.o(i.__mathlib_dbl_underflow)
    atan                                     0x0000321d   Thumb Code   472  atan.o(i.atan)
    atan2                                    0x00003439   Thumb Code   372  atan2.o(i.atan2)
    delay                                    0x000035d5   Thumb Code    14  lcd.o(i.delay)
    init_i2c                                 0x000035e5   Thumb Code    44  main.o(i.init_i2c)
    main                                     0x00003619   Thumb Code   220  main.o(i.main)
    read_i2c                                 0x00003759   Thumb Code    44  main.o(i.read_i2c)
    send_i2c                                 0x00003789   Thumb Code    46  main.o(i.send_i2c)
    __aeabi_cdcmpeq                          0x000037bd   Thumb Code     0  deqf.o(x$fpl$deqf)
    _dcmpeq                                  0x000037bd   Thumb Code    94  deqf.o(x$fpl$deqf)
    __I$use$fp                               0x00003820   Number         0  usenofp.o(x$fpl$usenofp)
    mcgConfig_BOARD_BootClockRUN             0x00003820   Data          10  clock_config.o(.constdata)
    simConfig_BOARD_BootClockRUN             0x0000382c   Data           8  clock_config.o(.constdata)
    oscConfig_BOARD_BootClockRUN             0x00003834   Data           8  clock_config.o(.constdata)
    mcgConfig_BOARD_BootClockVLPR            0x0000383c   Data          10  clock_config.o(.constdata)
    simConfig_BOARD_BootClockVLPR            0x00003848   Data           8  clock_config.o(.constdata)
    oscConfig_BOARD_BootClockVLPR            0x00003850   Data           8  clock_config.o(.constdata)
    s_i2cBases                               0x000038c0   Data           8  fsl_i2c.o(.constdata)
    __mathlib_zero                           0x00003a98   Data           8  qnan.o(.constdata)
    Region$$Table$$Base                      0x00003d40   Number         0  anon$$obj.o(Region$$Table)
    Region$$Table$$Limit                     0x00003d60   Number         0  anon$$obj.o(Region$$Table)
    g_xtal0Freq                              0x1fffe008   Data           4  fsl_clock.o(.data)
    g_xtal32Freq                             0x1fffe00c   Data           4  fsl_clock.o(.data)
    SystemCoreClock                          0x1fffe034   Data           4  system_mkl46z4.o(.data)
    __libspace_start                         0x1fffe044   Data          96  libspace.o(.bss)
    Image$$ARM_LIB_HEAP$$ZI$$Base            0x1fffe0a4   Number         0  anon$$obj.o ABSOLUTE
    __temporary_stack_top$libspace           0x1fffe0a4   Data           0  libspace.o(.bss)
    Image$$ARM_LIB_HEAP$$ZI$$Limit           0x1fffe4a4   Number         0  anon$$obj.o ABSOLUTE
    Image$$ARM_LIB_STACK$$ZI$$Limit          0x20006000   Number         0  anon$$obj.o ABSOLUTE



==============================================================================

Memory Map of the image

  Image Entry point : 0x000004b5

  Load Region LR_m_text (Base: 0x00000000, Size: 0x00003d98, Max: 0x00040000, ABSOLUTE)

    Execution Region VECTOR_ROM (Exec base: 0x00000000, Load base: 0x00000000, Size: 0x000000c0, Max: 0x00000200, ABSOLUTE)

    Exec Addr    Load Addr    Size         Type   Attr      Idx    E Section Name        Object

    0x00000000   0x00000000   0x000000c0   Data   RO         2281    RESET               startup_mkl46z4.o


    Execution Region ER_m_flash_config (Exec base: 0x00000400, Load base: 0x00000400, Size: 0x00000010, Max: 0x00000010, ABSOLUTE, FIXED)

    Exec Addr    Load Addr    Size         Type   Attr      Idx    E Section Name        Object

    0x00000400   0x00000400   0x00000010   Data   RO         2282    FlashConfig         startup_mkl46z4.o


    Execution Region ER_m_text (Exec base: 0x00000410, Load base: 0x00000410, Size: 0x00003950, Max: 0x0003fbf0, ABSOLUTE)

    Exec Addr    Load Addr    Size         Type   Attr      Idx    E Section Name        Object

    0x00000410   0x00000410   0x00000008   Code   RO         2413  * !!!main             c_p.l(__main.o)
    0x00000418   0x00000418   0x0000003c   Code   RO         2709    !!!scatter          c_p.l(__scatter.o)
    0x00000454   0x00000454   0x0000001a   Code   RO         2711    !!handler_copy      c_p.l(__scatter_copy.o)
    0x0000046e   0x0000046e   0x00000002   PAD
    0x00000470   0x00000470   0x0000001c   Code   RO         2713    !!handler_zi        c_p.l(__scatter_zi.o)
    0x0000048c   0x0000048c   0x00000002   Code   RO         2633    .ARM.Collect$$libinit$$00000000  c_p.l(libinit.o)
    0x0000048e   0x0000048e   0x00000000   Code   RO         2466    .ARM.Collect$$libinit$$00000002  c_p.l(libinit2.o)
    0x0000048e   0x0000048e   0x00000000   Code   RO         2468    .ARM.Collect$$libinit$$00000004  c_p.l(libinit2.o)
    0x0000048e   0x0000048e   0x00000000   Code   RO         2471    .ARM.Collect$$libinit$$0000000A  c_p.l(libinit2.o)
    0x0000048e   0x0000048e   0x00000000   Code   RO         2473    .ARM.Collect$$libinit$$0000000C  c_p.l(libinit2.o)
    0x0000048e   0x0000048e   0x00000000   Code   RO         2475    .ARM.Collect$$libinit$$0000000E  c_p.l(libinit2.o)
    0x0000048e   0x0000048e   0x00000000   Code   RO         2478    .ARM.Collect$$libinit$$00000011  c_p.l(libinit2.o)
    0x0000048e   0x0000048e   0x00000000   Code   RO         2480    .ARM.Collect$$libinit$$00000013  c_p.l(libinit2.o)
    0x0000048e   0x0000048e   0x00000000   Code   RO         2482    .ARM.Collect$$libinit$$00000015  c_p.l(libinit2.o)
    0x0000048e   0x0000048e   0x00000000   Code   RO         2484    .ARM.Collect$$libinit$$00000017  c_p.l(libinit2.o)
    0x0000048e   0x0000048e   0x00000000   Code   RO         2486    .ARM.Collect$$libinit$$00000019  c_p.l(libinit2.o)
    0x0000048e   0x0000048e   0x00000000   Code   RO         2488    .ARM.Collect$$libinit$$0000001B  c_p.l(libinit2.o)
    0x0000048e   0x0000048e   0x00000000   Code   RO         2490    .ARM.Collect$$libinit$$0000001D  c_p.l(libinit2.o)
    0x0000048e   0x0000048e   0x00000000   Code   RO         2492    .ARM.Collect$$libinit$$0000001F  c_p.l(libinit2.o)
    0x0000048e   0x0000048e   0x00000000   Code   RO         2494    .ARM.Collect$$libinit$$00000021  c_p.l(libinit2.o)
    0x0000048e   0x0000048e   0x00000000   Code   RO         2496    .ARM.Collect$$libinit$$00000023  c_p.l(libinit2.o)
    0x0000048e   0x0000048e   0x00000000   Code   RO         2498    .ARM.Collect$$libinit$$00000025  c_p.l(libinit2.o)
    0x0000048e   0x0000048e   0x00000000   Code   RO         2502    .ARM.Collect$$libinit$$0000002C  c_p.l(libinit2.o)
    0x0000048e   0x0000048e   0x00000000   Code   RO         2504    .ARM.Collect$$libinit$$0000002E  c_p.l(libinit2.o)
    0x0000048e   0x0000048e   0x00000000   Code   RO         2506    .ARM.Collect$$libinit$$00000030  c_p.l(libinit2.o)
    0x0000048e   0x0000048e   0x00000000   Code   RO         2508    .ARM.Collect$$libinit$$00000032  c_p.l(libinit2.o)
    0x0000048e   0x0000048e   0x00000002   Code   RO         2509    .ARM.Collect$$libinit$$00000033  c_p.l(libinit2.o)
    0x00000490   0x00000490   0x00000002   Code   RO         2706    .ARM.Collect$$libshutdown$$00000000  c_p.l(libshutdown.o)
    0x00000492   0x00000492   0x00000000   Code   RO         2660    .ARM.Collect$$libshutdown$$00000002  c_p.l(libshutdown2.o)
    0x00000492   0x00000492   0x00000000   Code   RO         2662    .ARM.Collect$$libshutdown$$00000004  c_p.l(libshutdown2.o)
    0x00000492   0x00000492   0x00000000   Code   RO         2664    .ARM.Collect$$libshutdown$$00000006  c_p.l(libshutdown2.o)
    0x00000492   0x00000492   0x00000000   Code   RO         2667    .ARM.Collect$$libshutdown$$00000009  c_p.l(libshutdown2.o)
    0x00000492   0x00000492   0x00000000   Code   RO         2670    .ARM.Collect$$libshutdown$$0000000C  c_p.l(libshutdown2.o)
    0x00000492   0x00000492   0x00000000   Code   RO         2672    .ARM.Collect$$libshutdown$$0000000E  c_p.l(libshutdown2.o)
    0x00000492   0x00000492   0x00000000   Code   RO         2675    .ARM.Collect$$libshutdown$$00000011  c_p.l(libshutdown2.o)
    0x00000492   0x00000492   0x00000002   Code   RO         2676    .ARM.Collect$$libshutdown$$00000012  c_p.l(libshutdown2.o)
    0x00000494   0x00000494   0x00000000   Code   RO         2431    .ARM.Collect$$rtentry$$00000000  c_p.l(__rtentry.o)
    0x00000494   0x00000494   0x00000000   Code   RO         2549    .ARM.Collect$$rtentry$$00000002  c_p.l(__rtentry2.o)
    0x00000494   0x00000494   0x00000004   Code   RO         2563    .ARM.Collect$$rtentry$$00000007  c_p.l(__rtentry7.o)
    0x00000498   0x00000498   0x00000000   Code   RO         2551    .ARM.Collect$$rtentry$$00000009  c_p.l(__rtentry2.o)
    0x00000498   0x00000498   0x00000004   Code   RO         2552    .ARM.Collect$$rtentry$$0000000A  c_p.l(__rtentry2.o)
    0x0000049c   0x0000049c   0x00000000   Code   RO         2554    .ARM.Collect$$rtentry$$0000000C  c_p.l(__rtentry2.o)
    0x0000049c   0x0000049c   0x00000008   Code   RO         2555    .ARM.Collect$$rtentry$$0000000D  c_p.l(__rtentry2.o)
    0x000004a4   0x000004a4   0x00000004   Code   RO         2564    .ARM.Collect$$rtentry$$00002718  c_p.l(__rtentry7.o)
    0x000004a8   0x000004a8   0x00000002   Code   RO         2643    .ARM.Collect$$rtexit$$00000000  c_p.l(rtexit.o)
    0x000004aa   0x000004aa   0x00000000   Code   RO         2682    .ARM.Collect$$rtexit$$00000002  c_p.l(rtexit2.o)
    0x000004aa   0x000004aa   0x00000004   Code   RO         2683    .ARM.Collect$$rtexit$$00000003  c_p.l(rtexit2.o)
    0x000004ae   0x000004ae   0x00000006   Code   RO         2684    .ARM.Collect$$rtexit$$00000004  c_p.l(rtexit2.o)
    0x000004b4   0x000004b4   0x0000009c   Code   RO         2283  * .text               startup_mkl46z4.o
    0x00000550   0x00000550   0x00000044   Code   RO         2401    .text               c_p.l(strlen.o)
    0x00000594   0x00000594   0x00000040   Code   RO         2407    .text               c_p.l(rt_memclr.o)
    0x000005d4   0x000005d4   0x0000015a   Code   RO         2409    .text               c_p.l(aeabi_sdiv.o)
    0x0000072e   0x0000072e   0x00000002   PAD
    0x00000730   0x00000730   0x00000048   Code   RO         2415    .text               fz_ps.l(dfixui.o)
    0x00000778   0x00000778   0x00000058   Code   RO         2417    .text               fz_ps.l(dflti.o)
    0x000007d0   0x000007d0   0x00000248   Code   RO         2419    .text               fz_ps.l(dmul.o)
    0x00000a18   0x00000a18   0x00000016   Code   RO         2461    .text               c_p.l(_rserrno.o)
    0x00000a2e   0x00000a2e   0x00000002   PAD
    0x00000a30   0x00000a30   0x00000358   Code   RO         2510    .text               fz_ps.l(daddsub.o)
    0x00000d88   0x00000d88   0x00000448   Code   RO         2512    .text               fz_ps.l(ddiv.o)
    0x000011d0   0x000011d0   0x00000008   Code   RO         2573    .text               c_p.l(rt_errno_addr_intlibspace.o)
    0x000011d8   0x000011d8   0x00000090   Code   RO         2594    .text               fz_ps.l(dcmpin.o)
    0x00001268   0x00001268   0x00000060   Code   RO         2596    .text               fz_ps.l(dscalbn.o)
    0x000012c8   0x000012c8   0x00000002   Code   RO         2604    .text               c_p.l(use_no_semi.o)
    0x000012ca   0x000012ca   0x00000000   Code   RO         2606    .text               c_p.l(indicate_semi.o)
    0x000012ca   0x000012ca   0x00000010   Code   RO         2614    .text               c_p.l(exit.o)
    0x000012da   0x000012da   0x0000002e   Code   RO         2634    .text               fz_ps.l(cmpret.o)
    0x00001308   0x00001308   0x00000014   Code   RO         2636    .text               fz_ps.l(dnan2.o)
    0x0000131c   0x0000131c   0x0000000c   Code   RO         2638    .text               c_p.l(sys_exit.o)
    0x00001328   0x00001328   0x0000005e   Code   RO         2677    .text               fz_ps.l(retnan.o)
    0x00001386   0x00001386   0x00000002   PAD
    0x00001388   0x00001388   0x0000006c   Code   RO          255    i.BOARD_BootClockRUN  clock_config.o
    0x000013f4   0x000013f4   0x00000038   Code   RO          320    i.BOARD_I2C_ConfigurePins  pin_mux.o
    0x0000142c   0x0000142c   0x0000003c   Code   RO          221    i.BOARD_InitDebugConsole  board.o
    0x00001468   0x00001468   0x0000005c   Code   RO          383    i.CLOCK_BootToPeeMode  fsl_clock.o
    0x000014c4   0x000014c4   0x0000001c   Code   RO          258    i.CLOCK_CONFIG_SetFllExtRefDiv  clock_config.o
    0x000014e0   0x000014e0   0x00000018   Code   RO          323    i.CLOCK_EnableClock  pin_mux.o
    0x000014f8   0x000014f8   0x00000018   Code   RO         1153    i.CLOCK_EnableClock  fsl_i2c.o
    0x00001510   0x00001510   0x00000068   Code   RO          387    i.CLOCK_EnablePll0  fsl_clock.o
    0x00001578   0x00001578   0x00000078   Code   RO          393    i.CLOCK_GetEr32kClkFreq  fsl_clock.o
    0x000015f0   0x000015f0   0x0000001e   Code   RO          394    i.CLOCK_GetFixedFreqClkFreq  fsl_clock.o
    0x0000160e   0x0000160e   0x00000002   PAD
    0x00001610   0x00001610   0x00000074   Code   RO          396    i.CLOCK_GetFllExtRefClkFreq  fsl_clock.o
    0x00001684   0x00001684   0x00000058   Code   RO          397    i.CLOCK_GetFllFreq  fsl_clock.o
    0x000016dc   0x000016dc   0x00000024   Code   RO          398    i.CLOCK_GetFllRefClkFreq  fsl_clock.o
    0x00001700   0x00001700   0x000000b0   Code   RO          399    i.CLOCK_GetFreq     fsl_clock.o
    0x000017b0   0x000017b0   0x0000001c   Code   RO          400    i.CLOCK_GetInternalRefClkFreq  fsl_clock.o
    0x000017cc   0x000017cc   0x00000030   Code   RO          401    i.CLOCK_GetInternalRefClkSelectFreq  fsl_clock.o
    0x000017fc   0x000017fc   0x00000030   Code   RO          402    i.CLOCK_GetMcgExtClkFreq  fsl_clock.o
    0x0000182c   0x0000182c   0x00000048   Code   RO          404    i.CLOCK_GetOsc0ErClkFreq  fsl_clock.o
    0x00001874   0x00001874   0x00000024   Code   RO          405    i.CLOCK_GetOscRangeFromFreq  fsl_clock.o
    0x00001898   0x00001898   0x00000040   Code   RO          406    i.CLOCK_GetOutClkFreq  fsl_clock.o
    0x000018d8   0x000018d8   0x00000060   Code   RO          408    i.CLOCK_GetPll0Freq  fsl_clock.o
    0x00001938   0x00001938   0x00000008   Code   RO          409    i.CLOCK_GetPll0RefFreq  fsl_clock.o
    0x00001940   0x00001940   0x00000038   Code   RO          410    i.CLOCK_GetPllFllSelClkFreq  fsl_clock.o
    0x00001978   0x00001978   0x00000078   Code   RO          412    i.CLOCK_InitOsc0    fsl_clock.o
    0x000019f0   0x000019f0   0x00000006   Code   RO          416    i.CLOCK_SetExternalRefClkConfig  fsl_clock.o
    0x000019f6   0x000019f6   0x00000002   PAD
    0x000019f8   0x000019f8   0x000000ac   Code   RO          421    i.CLOCK_SetInternalRefClkConfig  fsl_clock.o
    0x00001aa4   0x00001aa4   0x00000090   Code   RO          424    i.CLOCK_SetPbeMode  fsl_clock.o
    0x00001b34   0x00001b34   0x00000050   Code   RO          427    i.CLOCK_SetSimConfig  fsl_clock.o
    0x00001b84   0x00001b84   0x000000c4   Code   RO         2244    i.ConvertRadixNumToString  fsl_str.o
    0x00001c48   0x00001c48   0x00000058   Code   RO         2030    i.DbgConsole_Init   fsl_debug_console.o
    0x00001ca0   0x00001ca0   0x00000044   Code   RO         2031    i.DbgConsole_Printf  fsl_debug_console.o
    0x00001ce4   0x00001ce4   0x0000003a   Code   RO         2033    i.DbgConsole_RelocateLog  fsl_debug_console.o
    0x00001d1e   0x00001d1e   0x00000002   PAD
    0x00001d20   0x00001d20   0x00000018   Code   RO         1155    i.I2C0_DriverIRQHandler  fsl_i2c.o
    0x00001d38   0x00001d38   0x00000018   Code   RO         1156    i.I2C1_DriverIRQHandler  fsl_i2c.o
    0x00001d50   0x00001d50   0x00000028   Code   RO         1157    i.I2C_CheckAndClearError  fsl_i2c.o
    0x00001d78   0x00001d78   0x0000005c   Code   RO         1161    i.I2C_GetInstance   fsl_i2c.o
    0x00001dd4   0x00001dd4   0x0000002c   Code   RO         1163    i.I2C_MasterClearStatusFlags  fsl_i2c.o
    0x00001e00   0x00001e00   0x00000040   Code   RO         1165    i.I2C_MasterGetDefaultConfig  fsl_i2c.o
    0x00001e40   0x00001e40   0x00000022   Code   RO         1166    i.I2C_MasterGetStatusFlags  fsl_i2c.o
    0x00001e62   0x00001e62   0x00000002   PAD
    0x00001e64   0x00001e64   0x000000b4   Code   RO         1167    i.I2C_MasterInit    fsl_i2c.o
    0x00001f18   0x00001f18   0x00000092   Code   RO         1168    i.I2C_MasterReadBlocking  fsl_i2c.o
    0x00001faa   0x00001faa   0x00000002   PAD
    0x00001fac   0x00001fac   0x0000006c   Code   RO         1169    i.I2C_MasterRepeatedStart  fsl_i2c.o
    0x00002018   0x00002018   0x0000008c   Code   RO         1170    i.I2C_MasterSetBaudRate  fsl_i2c.o
    0x000020a4   0x000020a4   0x00000044   Code   RO         1171    i.I2C_MasterStart   fsl_i2c.o
    0x000020e8   0x000020e8   0x0000001a   Code   RO         1172    i.I2C_MasterStop    fsl_i2c.o
    0x00002102   0x00002102   0x00000002   PAD
    0x00002104   0x00002104   0x00000198   Code   RO         1174    i.I2C_MasterTransferBlocking  fsl_i2c.o
    0x0000229c   0x0000229c   0x000000a8   Code   RO         1180    i.I2C_MasterWriteBlocking  fsl_i2c.o
    0x00002344   0x00002344   0x0000004c   Code   RO         1192    i.I2C_TransferCommonIRQHandler  fsl_i2c.o
    0x00002390   0x00002390   0x000000f8   Code   RO         2124    i.IO_Init           fsl_io.o
    0x00002488   0x00002488   0x00000070   Code   RO         2125    i.IO_Transfer       fsl_io.o
    0x000024f8   0x000024f8   0x000000e4   Code   RO          121    i.LCD_DisplayDemical  lcd.o
    0x000025dc   0x000025dc   0x00000088   Code   RO          122    i.LCD_DisplayError  lcd.o
    0x00002664   0x00002664   0x000000b8   Code   RO          125    i.LCD_SetNum        lcd.o
    0x0000271c   0x0000271c   0x0000001e   Code   RO         2177    i.LOG_Init          fsl_log.o
    0x0000273a   0x0000273a   0x0000002a   Code   RO         2178    i.LOG_Pop           fsl_log.o
    0x00002764   0x00002764   0x00000034   Code   RO         2179    i.LOG_Push          fsl_log.o
    0x00002798   0x00002798   0x00000060   Code   RO         1420    i.LPSCI_ClearStatusFlags  fsl_lpsci.o
    0x000027f8   0x000027f8   0x00000038   Code   RO         1424    i.LPSCI_GetDefaultConfig  fsl_lpsci.o
    0x00002830   0x00002830   0x0000005c   Code   RO         1426    i.LPSCI_GetInstance  fsl_lpsci.o
    0x0000288c   0x0000288c   0x0000000e   Code   RO         1427    i.LPSCI_GetStatusFlags  fsl_lpsci.o
    0x0000289a   0x0000289a   0x00000002   PAD
    0x0000289c   0x0000289c   0x000001b0   Code   RO         1428    i.LPSCI_Init        fsl_lpsci.o
    0x00002a4c   0x00002a4c   0x000000a8   Code   RO         1429    i.LPSCI_ReadBlocking  fsl_lpsci.o
    0x00002af4   0x00002af4   0x00000048   Code   RO         1445    i.LPSCI_WriteBlocking  fsl_lpsci.o
    0x00002b3c   0x00002b3c   0x00000030   Code   RO          324    i.PORT_SetPinConfig  pin_mux.o
    0x00002b6c   0x00002b6c   0x00000008   Code   RO          130    i.SLCD_SetBackPlanePhase  lcd.o
    0x00002b74   0x00002b74   0x00000008   Code   RO          131    i.SLCD_SetFrontPlaneSegments  lcd.o
    0x00002b7c   0x00002b7c   0x0000000a   Code   RO          132    i.SLCD_StartDisplay  lcd.o
    0x00002b86   0x00002b86   0x00000232   Code   RO         2246    i.StrFormatPrintf   fsl_str.o
    0x00002db8   0x00002db8   0x00000014   Code   RO         2290    i.SystemInit        system_mkl46z4.o
    0x00002dcc   0x00002dcc   0x00000002   Code   RO         2291    i.SystemInitHook    system_mkl46z4.o
    0x00002dce   0x00002dce   0x00000002   PAD
    0x00002dd0   0x00002dd0   0x0000001c   Code   RO         1447    i.UART0_DriverIRQHandler  fsl_lpsci.o
    0x00002dec   0x00002dec   0x0000001c   Code   RO         1799    i.UART1_DriverIRQHandler  fsl_uart.o
    0x00002e08   0x00002e08   0x0000001c   Code   RO         1801    i.UART2_DriverIRQHandler  fsl_uart.o
    0x00002e24   0x00002e24   0x00000038   Code   RO         1807    i.UART_GetDefaultConfig  fsl_uart.o
    0x00002e5c   0x00002e5c   0x00000058   Code   RO         1809    i.UART_GetInstance  fsl_uart.o
    0x00002eb4   0x00002eb4   0x0000000e   Code   RO         1810    i.UART_GetStatusFlags  fsl_uart.o
    0x00002ec2   0x00002ec2   0x00000002   PAD
    0x00002ec4   0x00002ec4   0x0000014c   Code   RO         1811    i.UART_Init         fsl_uart.o
    0x00003010   0x00003010   0x0000008c   Code   RO         1812    i.UART_ReadBlocking  fsl_uart.o
    0x0000309c   0x0000309c   0x00000020   Code   RO         1828    i.UART_WriteBlocking  fsl_uart.o
    0x000030bc   0x000030bc   0x0000001c   Code   RO          211    i.__ARM_common_switch8  lcd.o
    0x000030d8   0x000030d8   0x0000002c   Code   RO         2600    i.__ARM_fpclassify  m_ps.l(fpclassify.o)
    0x00003104   0x00003104   0x00000044   Code   RO         2004    i.__aeabi_assert    fsl_assert.o
    0x00003148   0x00003148   0x000000ac   Code   RO         2602    i.__kernel_poly     m_ps.l(poly.o)
    0x000031f4   0x000031f4   0x0000000a   Code   RO         2529    i.__mathlib_dbl_infnan  m_ps.l(dunder.o)
    0x000031fe   0x000031fe   0x00000008   Code   RO         2530    i.__mathlib_dbl_infnan2  m_ps.l(dunder.o)
    0x00003206   0x00003206   0x00000002   PAD
    0x00003208   0x00003208   0x00000014   Code   RO         2534    i.__mathlib_dbl_underflow  m_ps.l(dunder.o)
    0x0000321c   0x0000321c   0x0000021c   Code   RO         2519    i.atan              m_ps.l(atan.o)
    0x00003438   0x00003438   0x0000019c   Code   RO         2422    i.atan2             m_ps.l(atan2.o)
    0x000035d4   0x000035d4   0x0000000e   Code   RO          133    i.delay             lcd.o
    0x000035e2   0x000035e2   0x00000002   PAD
    0x000035e4   0x000035e4   0x00000034   Code   RO            5    i.init_i2c          main.o
    0x00003618   0x00003618   0x00000140   Code   RO            6    i.main              main.o
    0x00003758   0x00003758   0x00000030   Code   RO            7    i.read_i2c          main.o
    0x00003788   0x00003788   0x00000034   Code   RO            8    i.send_i2c          main.o
    0x000037bc   0x000037bc   0x00000064   Code   RO         2515    x$fpl$deqf          fz_ps.l(deqf.o)
    0x00003820   0x00003820   0x00000000   Code   RO         2517    x$fpl$usenofp       fz_ps.l(usenofp.o)
    0x00003820   0x00003820   0x00000038   Data   RO          259    .constdata          clock_config.o
    0x00003858   0x00003858   0x00000006   Data   RO          326    .constdata          pin_mux.o
    0x0000385e   0x0000385e   0x00000002   PAD
    0x00003860   0x00003860   0x00000060   Data   RO          429    .constdata          fsl_clock.o
    0x000038c0   0x000038c0   0x00000094   Data   RO         1193    .constdata          fsl_i2c.o
    0x00003954   0x00003954   0x0000000c   Data   RO         1448    .constdata          fsl_lpsci.o
    0x00003960   0x00003960   0x0000001c   Data   RO         1831    .constdata          fsl_uart.o
    0x0000397c   0x0000397c   0x00000080   Data   RO         2513    .constdata          fz_ps.l(ddiv.o)
    0x000039fc   0x000039fc   0x00000004   PAD
    0x00003a00   0x00003a00   0x00000098   Data   RO         2520    .constdata          m_ps.l(atan.o)
    0x00003a98   0x00003a98   0x00000008   Data   RO         2542    .constdata          m_ps.l(qnan.o)
    0x00003aa0   0x00003aa0   0x00000050   Data   RO          327    .conststring        pin_mux.o
    0x00003af0   0x00003af0   0x00000051   Data   RO          430    .conststring        fsl_clock.o
    0x00003b41   0x00003b41   0x00000003   PAD
    0x00003b44   0x00003b44   0x0000004f   Data   RO         1194    .conststring        fsl_i2c.o
    0x00003b93   0x00003b93   0x00000001   PAD
    0x00003b94   0x00003b94   0x00000051   Data   RO         1449    .conststring        fsl_lpsci.o
    0x00003be5   0x00003be5   0x00000003   PAD
    0x00003be8   0x00003be8   0x00000050   Data   RO         1832    .conststring        fsl_uart.o
    0x00003c38   0x00003c38   0x0000005b   Data   RO         2037    .conststring        fsl_debug_console.o
    0x00003c93   0x00003c93   0x00000001   PAD
    0x00003c94   0x00003c94   0x00000053   Data   RO         2127    .conststring        fsl_io.o
    0x00003ce7   0x00003ce7   0x00000001   PAD
    0x00003ce8   0x00003ce8   0x00000055   Data   RO         2184    .conststring        fsl_log.o
    0x00003d3d   0x00003d3d   0x00000003   PAD
    0x00003d40   0x00003d40   0x00000020   Data   RO         2707    Region$$Table       anon$$obj.o


    Execution Region RW_m_data (Exec base: 0x1fffe000, Load base: 0x00003d60, Size: 0x000000a4, Max: 0x00007800, ABSOLUTE)

    Exec Addr    Load Addr    Size         Type   Attr      Idx    E Section Name        Object

    0x1fffe000   0x00003d60   0x00000010   Data   RW          431    .data               fsl_clock.o
    0x1fffe010   0x00003d70   0x00000010   Data   RW         1195    .data               fsl_i2c.o
    0x1fffe020   0x00003d80   0x00000008   Data   RW         1450    .data               fsl_lpsci.o
    0x1fffe028   0x00003d88   0x00000004   Data   RW         1833    .data               fsl_uart.o
    0x1fffe02c   0x00003d8c   0x00000008   Data   RW         2128    .data               fsl_io.o
    0x1fffe034   0x00003d94   0x00000004   Data   RW         2292    .data               system_mkl46z4.o
    0x1fffe038        -       0x0000000c   Zero   RW         1830    .bss                fsl_uart.o
    0x1fffe044        -       0x00000060   Zero   RW         2546    .bss                c_p.l(libspace.o)


    Execution Region ARM_LIB_HEAP (Exec base: 0x1fffe0a4, Load base: 0x00003d98, Size: 0x00000400, Max: 0x00000400, ABSOLUTE)

    Exec Addr    Load Addr    Size         Type   Attr      Idx    E Section Name        Object

    0x1fffe0a4        -       0x00000400   Zero   RW            1    ARM_LIB_HEAP.bss    anon$$obj.o


    Execution Region ARM_LIB_STACK (Exec base: 0x20005c00, Load base: 0x00003d98, Size: 0x00000400, Max: 0x00000400, ABSOLUTE)

    Exec Addr    Load Addr    Size         Type   Attr      Idx    E Section Name        Object

    0x20005c00        -       0x00000400   Zero   RW            2    ARM_LIB_STACK.bss   anon$$obj.o


==============================================================================

Image component sizes


      Code (inc. data)   RO Data    RW Data    ZI Data      Debug   Object Name

        60          8          0          0          0       6812   board.o
       136         40         56          0          0       8707   clock_config.o
        68         44          0          0          0        653   fsl_assert.o
      1740        272        177         16          0      28664   fsl_clock.o
       214         54         91          0          0       3830   fsl_debug_console.o
      1666        194        227         16          0      26352   fsl_i2c.o
       360         26         83          8          0       9480   fsl_io.o
       124         18         85          0          0       3656   fsl_log.o
       958        156         93          8          0      14214   fsl_lpsci.o
       758          0          0          0          0       3286   fsl_str.o
       718        146        108          4         12       9512   fsl_uart.o
       616         32          0          0          0       9153   lcd.o
       472        118          0          0          0     290129   main.o
       128         30         86          0          0       9785   pin_mux.o
       156         70        208          0          0       1176   startup_mkl46z4.o
        22          6          0          4          0       1152   system_mkl46z4.o

    ----------------------------------------------------------------------
      8216       1214       1260         56       2060     426561   Object Totals
         0          0         32          0       2048          0   (incl. Generated)
        20          0         14          0          0          0   (incl. Padding)

    ----------------------------------------------------------------------

      Code (inc. data)   RO Data    RW Data    ZI Data      Debug   Library Member Name

         8          0          0          0          0         68   __main.o
         0          0          0          0          0          0   __rtentry.o
        12          0          0          0          0          0   __rtentry2.o
         8          4          0          0          0          0   __rtentry7.o
        60          8          0          0          0          0   __scatter.o
        26          0          0          0          0          0   __scatter_copy.o
        28          0          0          0          0          0   __scatter_zi.o
        22          0          0          0          0         92   _rserrno.o
       346          0          0          0          0         92   aeabi_sdiv.o
        16          0          0          0          0         68   exit.o
         0          0          0          0          0          0   indicate_semi.o
         2          0          0          0          0          0   libinit.o
         2          0          0          0          0          0   libinit2.o
         2          0          0          0          0          0   libshutdown.o
         2          0          0          0          0          0   libshutdown2.o
         0          0          0          0         96          0   libspace.o
         8          4          0          0          0         68   rt_errno_addr_intlibspace.o
        64          0          0          0          0        108   rt_memclr.o
         2          0          0          0          0          0   rtexit.o
        10          0          0          0          0          0   rtexit2.o
        68          6          0          0          0         72   strlen.o
        12          4          0          0          0         60   sys_exit.o
         2          0          0          0          0         68   use_no_semi.o
        46          0          0          0          0         60   cmpret.o
       856         20          0          0          0        208   daddsub.o
       144          4          0          0          0         76   dcmpin.o
      1096         26        128          0          0        112   ddiv.o
       100          4          0          0          0         92   deqf.o
        72          4          0          0          0         68   dfixui.o
        88          0          0          0          0         92   dflti.o
       584         26          0          0          0         84   dmul.o
        20          6          0          0          0         68   dnan2.o
        96         12          0          0          0         72   dscalbn.o
        94          0          0          0          0         68   retnan.o
         0          0          0          0          0          0   usenofp.o
       540         68        152          0          0        112   atan.o
       412         40          0          0          0        144   atan2.o
        38          6          0          0          0        204   dunder.o
        44          4          0          0          0         60   fpclassify.o
       172          0          0          0          0         76   poly.o
         0          0          8          0          0          0   qnan.o

    ----------------------------------------------------------------------
      5112        246        292          0         96       2292   Library Totals
        10          0          4          0          0          0   (incl. Padding)

    ----------------------------------------------------------------------

      Code (inc. data)   RO Data    RW Data    ZI Data      Debug   Library Name

       700         26          0          0         96        696   c_p.l
      3196        102        128          0          0       1000   fz_ps.l
      1206        118        160          0          0        596   m_ps.l

    ----------------------------------------------------------------------
      5112        246        292          0         96       2292   Library Totals

    ----------------------------------------------------------------------

==============================================================================


      Code (inc. data)   RO Data    RW Data    ZI Data      Debug   

     13328       1460       1552         56       2156     424177   Grand Totals
     13328       1460       1552         56       2156     424177   ELF Image Totals
     13328       1460       1552         56          0          0   ROM Totals

==============================================================================

    Total RO  Size (Code + RO Data)                14880 (  14.53kB)
    Total RW  Size (RW Data + ZI Data)              2212 (   2.16kB)
    Total ROM Size (Code + RO Data + RW Data)      14936 (  14.59kB)

==============================================================================

